#
# There is insufficient memory for the Java Runtime Environment to continue.
# Native memory allocation (malloc) failed to allocate 1535192 bytes. Error detail: Chunk::new
# Possible reasons:
#   The system is out of physical RAM or swap space
#   This process is running with CompressedOops enabled, and the Java Heap may be blocking the growth of the native heap
# Possible solutions:
#   Reduce memory load on the system
#   Increase physical memory or swap space
#   Check if swap backing store is full
#   Decrease Java heap size (-Xmx/-Xms)
#   Decrease number of Java threads
#   Decrease Java thread stack sizes (-Xss)
#   Set larger code cache with -XX:ReservedCodeCacheSize=
#   JVM is running with Unscaled Compressed Oops mode in which the Java heap is
#     placed in the first 4GB address space. The Java Heap base address is the
#     maximum limit for the native heap growth. Please use -XX:HeapBaseMinAddress
#     to set the Java Heap base and to place the Java Heap above 4GB virtual address.
# This output file may be truncated or incomplete.
#
#  Out of Memory Error (arena.cpp:193), pid=9880, tid=10304
#
# JRE version: Java(TM) SE Runtime Environment (26.0.1+8) (build 26.0.1+8-34)
# Java VM: Java HotSpot(TM) 64-Bit Server VM (26.0.1+8-34, mixed mode, sharing, tiered, compressed oops, compressed class ptrs, g1 gc, windows-amd64)
# No core dump will be written. Minidumps are not enabled by default on client versions of Windows
#

---------------  S U M M A R Y ------------

Command Line: -Xmx64m -Xms64m -Dorg.gradle.appname=gradlew C:\Users\Nadeem\Desktop\vaccine_manager_app\\gradle\wrapper\gradle-wrapper.jar :app:compileDebugKotlin --no-daemon

Host: Intel(R) Core(TM) i5-4210U CPU @ 1.70GHz, 4 cores, 7G,  Windows 10 , 64 bit Build 19041 (10.0.19041.7725)
Time: Mon Sep 28 10:16:22 2026 India Standard Time elapsed time: 225.526182 seconds (0d 0h 3m 45s)

---------------  T H R E A D  ---------------

Current thread (0x000001d4a1f25760):  JavaThread "C2 CompilerThread0" daemon [_thread_in_native, id=10304, stack(0x000000c164c00000,0x000000c164d00000) (1024K)]


Current CompileTask:
C2:225526 2369       4       org.gradle.internal.logging.text.AbstractLineChoppingStyledTextOutput$1::execute (140 bytes)

Stack: [0x000000c164c00000,0x000000c164d00000]
Native frames: (J=compiled Java code, j=interpreted, Vv=VM code, C=native code)
V  [jvm.dll+0x7d5879]  (no source info available)
V  [jvm.dll+0x7a37dd]  (no source info available)
V  [jvm.dll+0x9b0c10]  (no source info available)
V  [jvm.dll+0x9b3061]  (no source info available)
V  [jvm.dll+0x9b3773]  (no source info available)
V  [jvm.dll+0x30df76]  (no source info available)
V  [jvm.dll+0x11d8a6]  (no source info available)
V  [jvm.dll+0x11dbce]  (no source info available)
V  [jvm.dll+0x1afbe6]  (no source info available)
V  [jvm.dll+0x3ca822]  (no source info available)
V  [jvm.dll+0x7de462]  (no source info available)
V  [jvm.dll+0x2d1647]  (no source info available)
V  [jvm.dll+0x2d05bf]  (no source info available)
V  [jvm.dll+0x246820]  (no source info available)
V  [jvm.dll+0x2e06dc]  (no source info available)
V  [jvm.dll+0x2de8bd]  (no source info available)
V  [jvm.dll+0x4a3ff1]  (no source info available)
V  [jvm.dll+0x94f649]  (no source info available)
V  [jvm.dll+0x7d7358]  (no source info available)
C  [ucrtbase.dll+0x21bb2]  (no source info available)
C  [KERNEL32.DLL+0x17384]  (no source info available)
C  [ntdll.dll+0x4cc91]  (no source info available)

Lock stack of current Java thread (top to bottom):


---------------  P R O C E S S  ---------------

Threads class SMR info:
_java_thread_list=0x000001d4a2433fd0, length=13, elements={
0x000001d487d0df50, 0x000001d487dd62d0, 0x000001d487dd7fe0, 0x000001d487dd8b90,
0x000001d487dd9740, 0x000001d487ddcaa0, 0x000001d4a1f20e30, 0x000001d4a1f25760,
0x000001d4a1f2bf80, 0x000001d4a1f20660, 0x000001d4a1f1fe90, 0x000001d4a7f433e0,
0x000001d4a7a62dd0
}

Java Threads: ( => current thread )
  0x000001d487d0df50 JavaThread "main"                              [_thread_blocked, id=9664, stack(0x000000c163d00000,0x000000c163e00000) (1024K)]
  0x000001d487dd62d0 JavaThread "Reference Handler"          daemon [_thread_blocked, id=12976, stack(0x000000c164600000,0x000000c164700000) (1024K)]
  0x000001d487dd7fe0 JavaThread "Finalizer"                  daemon [_thread_blocked, id=13136, stack(0x000000c164700000,0x000000c164800000) (1024K)]
  0x000001d487dd8b90 JavaThread "Signal Dispatcher"          daemon [_thread_blocked, id=7664, stack(0x000000c164800000,0x000000c164900000) (1024K)]
  0x000001d487dd9740 JavaThread "Attach Listener"            daemon [_thread_blocked, id=3208, stack(0x000000c164900000,0x000000c164a00000) (1024K)]
  0x000001d487ddcaa0 JavaThread "Service Thread"             daemon [_thread_blocked, id=7600, stack(0x000000c164a00000,0x000000c164b00000) (1024K)]
  0x000001d4a1f20e30 JavaThread "Monitor Deflation Thread"   daemon [_thread_blocked, id=3648, stack(0x000000c164b00000,0x000000c164c00000) (1024K)]
=>0x000001d4a1f25760 JavaThread "C2 CompilerThread0"         daemon [_thread_in_native, id=10304, stack(0x000000c164c00000,0x000000c164d00000) (1024K)]
  0x000001d4a1f2bf80 JavaThread "C1 CompilerThread0"         daemon [_thread_blocked, id=11024, stack(0x000000c164d00000,0x000000c164e00000) (1024K)]
  0x000001d4a1f20660 JavaThread "Notification Thread"        daemon [_thread_blocked, id=4780, stack(0x000000c164e00000,0x000000c164f00000) (1024K)]
  0x000001d4a1f1fe90 JavaThread "Common-Cleaner"             daemon [_thread_blocked, id=12240, stack(0x000000c164f00000,0x000000c165000000) (1024K)]
  0x000001d4a7f433e0 JavaThread "InnocuousThread-1"          daemon [_thread_blocked, id=17180, stack(0x000000c165b00000,0x000000c165c00000) (1024K)]
  0x000001d4a7a62dd0 JavaThread "C2 CompilerThread1"         daemon [_thread_blocked, id=13128, stack(0x000000c163a00000,0x000000c163b00000) (1024K)]
Total: 13

Other Threads:
  0x000001d487dc6b50 VMThread "VM Thread"                           [id=1052, stack(0x000000c164500000,0x000000c164600000) (1024K)]
  0x000001d487db6ac0 WatcherThread "VM Periodic Task Thread"        [id=12252, stack(0x000000c164400000,0x000000c164500000) (1024K)]
  0x000001d487d34c80 WorkerThread "GC Thread#0"                     [id=6256, stack(0x000000c163e00000,0x000000c163f00000) (1024K)]
  0x000001d4a7642b30 WorkerThread "GC Thread#1"                     [id=32, stack(0x000000c165100000,0x000000c165200000) (1024K)]
  0x000001d4a778a640 WorkerThread "GC Thread#2"                     [id=9688, stack(0x000000c165200000,0x000000c165300000) (1024K)]
  0x000001d4a778aa60 WorkerThread "GC Thread#3"                     [id=11900, stack(0x000000c165300000,0x000000c165400000) (1024K)]
  0x000001d487d36940 ConcurrentGCThread "G1 Main Marker"            [id=12680, stack(0x000000c163f00000,0x000000c164000000) (1024K)]
  0x000001d487d374c0 WorkerThread "G1 Conc#0"                       [id=18236, stack(0x000000c164000000,0x000000c164100000) (1024K)]
  0x000001d487d5d920 WorkerThread "G1 Refinement Workers#0"         [id=10388, stack(0x000000c164200000,0x000000c164300000) (1024K)]
  0x000001d487d5cd60 ConcurrentGCThread "G1 Refine Control"         [id=11500, stack(0x000000c164100000,0x000000c164200000) (1024K)]
  0x000001d487d5f620 ConcurrentGCThread "G1 Service"                [id=4912, stack(0x000000c164300000,0x000000c164400000) (1024K)]
Total: 11

Threads with active compile tasks:
C2 CompilerThread0  225830 2369       4       org.gradle.internal.logging.text.AbstractLineChoppingStyledTextOutput$1::execute (140 bytes)
Total: 1

VM state: not at safepoint (normal execution)

VM Mutex/Monitor currently owned by a thread: None

Heap address: 0x00000000fc000000, size: 64 MB, Compressed Oops mode: 32-bit

CDS archive(s) mapped at: [0x000000000d000000-0x000000000dde0000-0x000000000dde0000), size 14548992, SharedBaseAddress: 0x000000000d000000, ArchiveRelocationMode: 1.
Compressed class space mapped at: 0x000000000e000000-0x000000004e000000, reserved size: 1073741824
UseCompressedClassPointers 1, UseCompactObjectHeaders 0
Narrow klass pointer bits 32, Max shift 3
Narrow klass base: 0x000000000d000000, Narrow klass shift: 0
Encoding Range: [0x000000000d000000 - 0x000000010d000000), (4294967296 bytes)
Klass Range:    [0x000000000d000000 - 0x000000004e000000), (1090519040 bytes)
Klass ID Range:  [8 - 1090519033) (1090519025)
Protection zone: [0x000000000d000000 - 0x000000000d010000), (65536 bytes)

GC Precious Log:
 CardTable entry size: 512
 Card Set container configuration: InlinePtr #cards 5 size 8 Array Of Cards #cards 10 size 36 Howl #buckets 4 coarsen threshold 1843 Howl Bitmap #cards 512 size 80 coarsen threshold 460 Card regions per heap region 1 cards per card region 2048
 CPUs: 4 total, 4 available
 Memory: 8095M
 Large Page Support: Disabled
 NUMA Support: Disabled
 Compressed Oops: Enabled (32-bit)
 Heap Region Size: 1M
 Heap Min Capacity: 64M
 Heap Initial Capacity: 64M
 Heap Max Capacity: 64M
 Pre-touch: Disabled
 Parallel Workers: 4
 Concurrent Workers: 1
 Concurrent Refinement Workers: 4
 Periodic GC: Disabled

Heap:
 garbage-first heap   total reserved 65536K, committed 65536K, used 28812K [0x00000000fc000000, 0x0000000100000000)
  region size 1M, 15 eden (15M), 2 survivor (2M), 10 old (10M), 4 humongous (4M), 33 free (33M)

Heap Regions: E=young(eden), S=young(survivor), O=old, HS=humongous(starts), HC=humongous(continues), CS=collection set, F=free, TAMS=top-at-mark-start, PB=parsable bottom
|    0|0x00000000fc000000, 0x00000000fc100000, 0x00000000fc100000|100%|HS|  |TAMS 0x00000000fc000000| PB 0x00000000fc000000| Complete  |  0
|    1|0x00000000fc100000, 0x00000000fc200000, 0x00000000fc200000|100%|HC|  |TAMS 0x00000000fc100000| PB 0x00000000fc100000| Complete  |  0
|    2|0x00000000fc200000, 0x00000000fc300000, 0x00000000fc300000|100%|HC|  |TAMS 0x00000000fc200000| PB 0x00000000fc200000| Complete  |  0
|    3|0x00000000fc300000, 0x00000000fc400000, 0x00000000fc400000|100%|HC|  |TAMS 0x00000000fc300000| PB 0x00000000fc300000| Complete  |  0
|    4|0x00000000fc400000, 0x00000000fc500000, 0x00000000fc500000|100%| O|  |TAMS 0x00000000fc400000| PB 0x00000000fc400000| Untracked |  0
|    5|0x00000000fc500000, 0x00000000fc600000, 0x00000000fc600000|100%| O|  |TAMS 0x00000000fc500000| PB 0x00000000fc500000| Untracked |  0
|    6|0x00000000fc600000, 0x00000000fc700000, 0x00000000fc700000|100%| O|  |TAMS 0x00000000fc600000| PB 0x00000000fc600000| Untracked |  0
|    7|0x00000000fc700000, 0x00000000fc800000, 0x00000000fc800000|100%| O|  |TAMS 0x00000000fc700000| PB 0x00000000fc700000| Untracked |  0
|    8|0x00000000fc800000, 0x00000000fc900000, 0x00000000fc900000|100%| O|  |TAMS 0x00000000fc800000| PB 0x00000000fc800000| Untracked |  0
|    9|0x00000000fc900000, 0x00000000fca00000, 0x00000000fca00000|100%| O|  |TAMS 0x00000000fc900000| PB 0x00000000fc900000| Untracked |  0
|   10|0x00000000fca00000, 0x00000000fcb00000, 0x00000000fcb00000|100%| O|  |TAMS 0x00000000fca00000| PB 0x00000000fca00000| Untracked |  0
|   11|0x00000000fcb00000, 0x00000000fcb7feb0, 0x00000000fcc00000| 49%| O|  |TAMS 0x00000000fcb00000| PB 0x00000000fcb00000| Untracked |  0
|   12|0x00000000fcc00000, 0x00000000fcc00000, 0x00000000fcd00000|  0%| F|  |TAMS 0x00000000fcc00000| PB 0x00000000fcc00000| Untracked |  0
|   13|0x00000000fcd00000, 0x00000000fcd00000, 0x00000000fce00000|  0%| F|  |TAMS 0x00000000fcd00000| PB 0x00000000fcd00000| Untracked |  0
|   14|0x00000000fce00000, 0x00000000fce00000, 0x00000000fcf00000|  0%| F|  |TAMS 0x00000000fce00000| PB 0x00000000fce00000| Untracked |  0
|   15|0x00000000fcf00000, 0x00000000fcf00000, 0x00000000fd000000|  0%| F|  |TAMS 0x00000000fcf00000| PB 0x00000000fcf00000| Untracked |  0
|   16|0x00000000fd000000, 0x00000000fd000000, 0x00000000fd100000|  0%| F|  |TAMS 0x00000000fd000000| PB 0x00000000fd000000| Untracked |  0
|   17|0x00000000fd100000, 0x00000000fd100000, 0x00000000fd200000|  0%| F|  |TAMS 0x00000000fd100000| PB 0x00000000fd100000| Untracked |  0
|   18|0x00000000fd200000, 0x00000000fd200000, 0x00000000fd300000|  0%| F|  |TAMS 0x00000000fd200000| PB 0x00000000fd200000| Untracked |  0
|   19|0x00000000fd300000, 0x00000000fd300000, 0x00000000fd400000|  0%| F|  |TAMS 0x00000000fd300000| PB 0x00000000fd300000| Untracked |  0
|   20|0x00000000fd400000, 0x00000000fd400000, 0x00000000fd500000|  0%| F|  |TAMS 0x00000000fd400000| PB 0x00000000fd400000| Untracked |  0
|   21|0x00000000fd500000, 0x00000000fd500000, 0x00000000fd600000|  0%| F|  |TAMS 0x00000000fd500000| PB 0x00000000fd500000| Untracked |  0
|   22|0x00000000fd600000, 0x00000000fd600000, 0x00000000fd700000|  0%| F|  |TAMS 0x00000000fd600000| PB 0x00000000fd600000| Untracked |  0
|   23|0x00000000fd700000, 0x00000000fd700000, 0x00000000fd800000|  0%| F|  |TAMS 0x00000000fd700000| PB 0x00000000fd700000| Untracked |  0
|   24|0x00000000fd800000, 0x00000000fd800000, 0x00000000fd900000|  0%| F|  |TAMS 0x00000000fd800000| PB 0x00000000fd800000| Untracked |  0
|   25|0x00000000fd900000, 0x00000000fd900000, 0x00000000fda00000|  0%| F|  |TAMS 0x00000000fd900000| PB 0x00000000fd900000| Untracked |  0
|   26|0x00000000fda00000, 0x00000000fda00000, 0x00000000fdb00000|  0%| F|  |TAMS 0x00000000fda00000| PB 0x00000000fda00000| Untracked |  0
|   27|0x00000000fdb00000, 0x00000000fdb00000, 0x00000000fdc00000|  0%| F|  |TAMS 0x00000000fdb00000| PB 0x00000000fdb00000| Untracked |  0
|   28|0x00000000fdc00000, 0x00000000fdc00000, 0x00000000fdd00000|  0%| F|  |TAMS 0x00000000fdc00000| PB 0x00000000fdc00000| Untracked |  0
|   29|0x00000000fdd00000, 0x00000000fdd00000, 0x00000000fde00000|  0%| F|  |TAMS 0x00000000fdd00000| PB 0x00000000fdd00000| Untracked |  0
|   30|0x00000000fde00000, 0x00000000fde00000, 0x00000000fdf00000|  0%| F|  |TAMS 0x00000000fde00000| PB 0x00000000fde00000| Untracked |  0
|   31|0x00000000fdf00000, 0x00000000fdf00000, 0x00000000fe000000|  0%| F|  |TAMS 0x00000000fdf00000| PB 0x00000000fdf00000| Untracked |  0
|   32|0x00000000fe000000, 0x00000000fe000000, 0x00000000fe100000|  0%| F|  |TAMS 0x00000000fe000000| PB 0x00000000fe000000| Untracked |  0
|   33|0x00000000fe100000, 0x00000000fe100000, 0x00000000fe200000|  0%| F|  |TAMS 0x00000000fe100000| PB 0x00000000fe100000| Untracked |  0
|   34|0x00000000fe200000, 0x00000000fe200000, 0x00000000fe300000|  0%| F|  |TAMS 0x00000000fe200000| PB 0x00000000fe200000| Untracked |  0
|   35|0x00000000fe300000, 0x00000000fe300000, 0x00000000fe400000|  0%| F|  |TAMS 0x00000000fe300000| PB 0x00000000fe300000| Untracked |  0
|   36|0x00000000fe400000, 0x00000000fe400000, 0x00000000fe500000|  0%| F|  |TAMS 0x00000000fe400000| PB 0x00000000fe400000| Untracked |  0
|   37|0x00000000fe500000, 0x00000000fe500000, 0x00000000fe600000|  0%| F|  |TAMS 0x00000000fe500000| PB 0x00000000fe500000| Untracked |  0
|   38|0x00000000fe600000, 0x00000000fe600000, 0x00000000fe700000|  0%| F|  |TAMS 0x00000000fe600000| PB 0x00000000fe600000| Untracked |  0
|   39|0x00000000fe700000, 0x00000000fe77a580, 0x00000000fe800000| 47%| S|CS|TAMS 0x00000000fe700000| PB 0x00000000fe700000| Complete  |  0
|   40|0x00000000fe800000, 0x00000000fe900000, 0x00000000fe900000|100%| S|CS|TAMS 0x00000000fe800000| PB 0x00000000fe800000| Complete  |  0
|   41|0x00000000fe900000, 0x00000000fe900000, 0x00000000fea00000|  0%| F|  |TAMS 0x00000000fe900000| PB 0x00000000fe900000| Untracked |  0
|   42|0x00000000fea00000, 0x00000000fea00000, 0x00000000feb00000|  0%| F|  |TAMS 0x00000000fea00000| PB 0x00000000fea00000| Untracked |  0
|   43|0x00000000feb00000, 0x00000000feb00000, 0x00000000fec00000|  0%| F|  |TAMS 0x00000000feb00000| PB 0x00000000feb00000| Untracked |  0
|   44|0x00000000fec00000, 0x00000000fec00000, 0x00000000fed00000|  0%| F|  |TAMS 0x00000000fec00000| PB 0x00000000fec00000| Untracked |  0
|   45|0x00000000fed00000, 0x00000000fed00000, 0x00000000fee00000|  0%| F|  |TAMS 0x00000000fed00000| PB 0x00000000fed00000| Untracked |  0
|   46|0x00000000fee00000, 0x00000000fee00000, 0x00000000fef00000|  0%| F|  |TAMS 0x00000000fee00000| PB 0x00000000fee00000| Untracked |  0
|   47|0x00000000fef00000, 0x00000000fefb0b90, 0x00000000ff000000| 69%| E|CS|TAMS 0x00000000fef00000| PB 0x00000000fef00000| Complete  |  0
|   48|0x00000000ff000000, 0x00000000ff100000, 0x00000000ff100000|100%| E|CS|TAMS 0x00000000ff000000| PB 0x00000000ff000000| Complete  |  0
|   49|0x00000000ff100000, 0x00000000ff200000, 0x00000000ff200000|100%| E|CS|TAMS 0x00000000ff100000| PB 0x00000000ff100000| Complete  |  0
|   50|0x00000000ff200000, 0x00000000ff300000, 0x00000000ff300000|100%| E|CS|TAMS 0x00000000ff200000| PB 0x00000000ff200000| Complete  |  0
|   51|0x00000000ff300000, 0x00000000ff400000, 0x00000000ff400000|100%| E|CS|TAMS 0x00000000ff300000| PB 0x00000000ff300000| Complete  |  0
|   52|0x00000000ff400000, 0x00000000ff500000, 0x00000000ff500000|100%| E|CS|TAMS 0x00000000ff400000| PB 0x00000000ff400000| Complete  |  0
|   53|0x00000000ff500000, 0x00000000ff600000, 0x00000000ff600000|100%| E|CS|TAMS 0x00000000ff500000| PB 0x00000000ff500000| Complete  |  0
|   54|0x00000000ff600000, 0x00000000ff700000, 0x00000000ff700000|100%| E|CS|TAMS 0x00000000ff600000| PB 0x00000000ff600000| Complete  |  0
|   55|0x00000000ff700000, 0x00000000ff800000, 0x00000000ff800000|100%| E|CS|TAMS 0x00000000ff700000| PB 0x00000000ff700000| Complete  |  0
|   56|0x00000000ff800000, 0x00000000ff900000, 0x00000000ff900000|100%| E|CS|TAMS 0x00000000ff800000| PB 0x00000000ff800000| Complete  |  0
|   57|0x00000000ff900000, 0x00000000ffa00000, 0x00000000ffa00000|100%| E|CS|TAMS 0x00000000ff900000| PB 0x00000000ff900000| Complete  |  0
|   58|0x00000000ffa00000, 0x00000000ffb00000, 0x00000000ffb00000|100%| E|CS|TAMS 0x00000000ffa00000| PB 0x00000000ffa00000| Complete  |  0
|   59|0x00000000ffb00000, 0x00000000ffc00000, 0x00000000ffc00000|100%| E|CS|TAMS 0x00000000ffb00000| PB 0x00000000ffb00000| Complete  |  0
|   60|0x00000000ffc00000, 0x00000000ffd00000, 0x00000000ffd00000|100%| E|CS|TAMS 0x00000000ffc00000| PB 0x00000000ffc00000| Complete  |  0
|   61|0x00000000ffd00000, 0x00000000ffe00000, 0x00000000ffe00000|100%| E|CS|TAMS 0x00000000ffd00000| PB 0x00000000ffd00000| Complete  |  0
|   62|0x00000000ffe00000, 0x00000000fff00000, 0x00000000fff00000|100%| O|  |TAMS 0x00000000ffe00000| PB 0x00000000ffe00000| Untracked |  0
|   63|0x00000000fff00000, 0x00000000fff28d80, 0x0000000100000000| 15%| O|  |TAMS 0x00000000fff00000| PB 0x00000000fff00000| Untracked |  0

Card table byte_map: [0x000001d487b40000,0x000001d487b60000] _byte_map_base: 0x000001d487360000
Refinement table byte_map: [0x000001d487b60000,0x000001d487b80000] _byte_map_base: 0x000001d487380000

Marking Bits: (CMBitMap*) 0x000001d487d35400
 Bits: [0x000001d487b80000, 0x000001d487c80000)

Polling page: 0x000001d485c20000

Metaspace:
Metaspace        used 13426K, committed 13760K, reserved 1114112K
 class space     used 1835K, committed 1984K, reserved 1048576K

Usage:
  Non-class:     11.32 MB used.
      Class:      1.79 MB used.
       Both:     13.11 MB used.

Virtual space:
  Non-class space:       64.00 MB reserved,      11.50 MB ( 18%) committed,  1 nodes.
      Class space:        1.00 GB reserved,       1.94 MB ( <1%) committed,  1 nodes.
             Both:        1.06 GB reserved,      13.44 MB (  1%) committed. 

Chunk freelists:
   Non-Class:  4.16 MB
       Class:  14.01 MB
        Both:  18.18 MB

MaxMetaspaceSize: unlimited
CompressedClassSpaceSize: 1.00 GB
Initial GC threshold: 21.00 MB
Current GC threshold: 21.00 MB
CDS: on
 - commit_granule_bytes: 65536.
 - commit_granule_words: 8192.
 - virtual_space_node_default_size: 8388608.
 - enlarge_chunks_in_place: 1.
UseCompressedClassPointers 1, UseCompactObjectHeaders 0
Narrow klass pointer bits 32, Max shift 3
Narrow klass base: 0x000000000d000000, Narrow klass shift: 0
Encoding Range: [0x000000000d000000 - 0x000000010d000000), (4294967296 bytes)
Klass Range:    [0x000000000d000000 - 0x000000004e000000), (1090519040 bytes)
Klass ID Range:  [8 - 1090519033) (1090519025)
Protection zone: [0x000000000d000000 - 0x000000000d010000), (65536 bytes)


Internal statistics:

num_allocs_failed_limit: 0.
num_arena_births: 372.
num_arena_deaths: 0.
num_vsnodes_births: 2.
num_vsnodes_deaths: 0.
num_space_committed: 215.
num_space_uncommitted: 0.
num_chunks_returned_to_freelist: 0.
num_chunks_taken_from_freelist: 782.
num_chunk_merges: 0.
num_chunk_splits: 523.
num_chunks_enlarged: 390.
num_inconsistent_stats: 0.

CodeHeap 'non-profiled nmethods': size=120064Kb used=768Kb max_used=768Kb free=119295Kb
 bounds [0x000001d4984a0000, 0x000001d498710000, 0x000001d49f9e0000]
CodeHeap 'profiled nmethods': size=120064Kb used=3482Kb max_used=3482Kb free=116581Kb
 bounds [0x000001d4909c0000, 0x000001d490d30000, 0x000001d497f00000]
CodeHeap 'non-nmethods': size=5760Kb used=1437Kb max_used=1457Kb free=4322Kb
 bounds [0x000001d497f00000, 0x000001d498170000, 0x000001d4984a0000]
CodeCache: size=245888Kb, used=5687Kb, max_used=5707Kb, free=240198Kb
 total_blobs=2930, nmethods=2376, adapters=457, full_count=0
Compilation: enabled, stopped_count=0, restarted_count=0

Compilation events (20 events):
Event: 225.387 Thread 0x000001d4a1f25760 2359   !   4       jdk.internal.misc.ScopedMemoryAccess::getLong (16 bytes)
Event: 225.389 Thread 0x000001d4a1f25760 nmethod 2359 0x000001d49855d808 code [0x000001d49855d900, 0x000001d49855d9b0]
Event: 225.389 Thread 0x000001d4a1f25760 2360   !   4       jdk.internal.misc.ScopedMemoryAccess::putLong (21 bytes)
Event: 225.390 Thread 0x000001d4a1f25760 nmethod 2360 0x000001d49855db08 code [0x000001d49855dc00, 0x000001d49855dcb8]
Event: 225.418 Thread 0x000001d4a1f2bf80 2361       3       org.gradle.internal.logging.text.AbstractLineChoppingStyledTextOutput$StateContext::flushLineText (113 bytes)
Event: 225.419 Thread 0x000001d4a1f2bf80 nmethod 2361 0x000001d490d21188 code [0x000001d490d21280, 0x000001d490d22270]
Event: 225.442 Thread 0x000001d4a1f2bf80 2362       3       java.util.Collections$UnmodifiableCollection$1::hasNext (10 bytes)
Event: 225.443 Thread 0x000001d4a1f2bf80 nmethod 2362 0x000001d490d22288 code [0x000001d490d22380, 0x000001d490d22550]
Event: 225.444 Thread 0x000001d4a1f2bf80 2363       3       com.google.common.collect.AbstractIndexedListIterator::hasNext (17 bytes)
Event: 225.444 Thread 0x000001d4a1f2bf80 nmethod 2363 0x000001d490d22588 code [0x000001d490d22680, 0x000001d490d227c8]
Event: 225.458 Thread 0x000001d4a1f2bf80 2364       3       java.lang.String::toCharArray (25 bytes)
Event: 225.459 Thread 0x000001d4a1f2bf80 nmethod 2364 0x000001d490d22888 code [0x000001d490d22980, 0x000001d490d22c80]
Event: 225.504 Thread 0x000001d4a1f2bf80 2366       3       java.lang.reflect.Method::invoke (108 bytes)
Event: 225.504 Thread 0x000001d4a1f25760 2369       4       org.gradle.internal.logging.text.AbstractLineChoppingStyledTextOutput$1::execute (140 bytes)
Event: 225.505 Thread 0x000001d4a1f2bf80 nmethod 2366 0x000001d490d22c88 code [0x000001d490d22d80, 0x000001d490d234b0]
Event: 225.505 Thread 0x000001d4a1f2bf80 2367   !   3       jdk.internal.reflect.DirectMethodHandleAccessor::invoke (92 bytes)
Event: 225.510 Thread 0x000001d4a1f2bf80 nmethod 2367 0x000001d490d23508 code [0x000001d490d23600, 0x000001d490d26530]
Event: 225.510 Thread 0x000001d4a1f2bf80 2368       3       jdk.internal.reflect.DirectMethodHandleAccessor::isStatic (20 bytes)
Event: 225.510 Thread 0x000001d4a1f2bf80 nmethod 2368 0x000001d490d26588 code [0x000001d490d26680, 0x000001d490d267d0]
Event: 225.521 Thread 0x000001d4a1f2bf80 2377       1       java.util.logging.LogManager$LoggerContext::getOwner (5 bytes)

GC Heap Usage History (4 events):
Event: 1.773 {heap Before GC invocations=0 (full 0):
 garbage-first heap   total reserved 65536K, committed 65536K, used 32931K [0x00000000fc000000, 0x0000000100000000)
  region size 1M, 28 eden (28M), 0 survivor (0M), 2 old (2M), 4 humongous (4M), 30 free (30M)
}
Event: 1.782 {heap After GC invocations=1 (full 0):
 garbage-first heap   total reserved 65536K, committed 65536K, used 12333K [0x00000000fc000000, 0x0000000100000000)
  region size 1M, 0 eden (0M), 4 survivor (4M), 5 old (5M), 4 humongous (4M), 51 free (51M)
}
Event: 2.802 {heap Before GC invocations=1 (full 0):
 garbage-first heap   total reserved 65536K, committed 65536K, used 33837K [0x00000000fc000000, 0x0000000100000000)
  region size 1M, 21 eden (21M), 4 survivor (4M), 5 old (5M), 4 humongous (4M), 30 free (30M)
}
Event: 2.809 {heap After GC invocations=2 (full 0):
 garbage-first heap   total reserved 65536K, committed 65536K, used 14476K [0x00000000fc000000, 0x0000000100000000)
  region size 1M, 0 eden (0M), 2 survivor (2M), 10 old (10M), 4 humongous (4M), 48 free (48M)
}

Metaspace Usage History (4 events):
Event: 1.773 {metaspace Before GC invocations=0 (full 0):
 Metaspace       used 4526K, committed 4672K, reserved 1114112K
  class space    used 572K, committed 640K, reserved 1048576K
}
Event: 1.782 {metaspace After GC invocations=1 (full 0):
 Metaspace       used 4526K, committed 4672K, reserved 1114112K
  class space    used 572K, committed 640K, reserved 1048576K
}
Event: 2.802 {metaspace Before GC invocations=1 (full 0):
 Metaspace       used 9625K, committed 9984K, reserved 1114112K
  class space    used 1345K, committed 1536K, reserved 1048576K
}
Event: 2.809 {metaspace After GC invocations=2 (full 0):
 Metaspace       used 9625K, committed 9984K, reserved 1114112K
  class space    used 1345K, committed 1536K, reserved 1048576K
}

Dll operation events (20 events):
Event: 0.084 Attempting to load shared library C:\Program Files\Java\jdk-26.0.1\bin\nio.dll
Event: 0.086 Loaded shared library C:\Program Files\Java\jdk-26.0.1\bin\nio.dll
Event: 0.092 Attempting to load shared library C:\Program Files\Java\jdk-26.0.1\bin\zip.dll
Event: 0.093 Loaded shared library C:\Program Files\Java\jdk-26.0.1\bin\zip.dll
Event: 0.817 Attempting to load shared library C:\Program Files\Java\jdk-26.0.1\bin\jimage.dll
Event: 0.817 Loaded shared library C:\Program Files\Java\jdk-26.0.1\bin\jimage.dll
Event: 1.678 Attempting to load shared library C:\Program Files\Java\jdk-26.0.1\bin\management.dll
Event: 1.685 Loaded shared library C:\Program Files\Java\jdk-26.0.1\bin\management.dll
Event: 1.689 Attempting to load shared library C:\Program Files\Java\jdk-26.0.1\bin\management_ext.dll
Event: 1.691 Loaded shared library C:\Program Files\Java\jdk-26.0.1\bin\management_ext.dll
Event: 1.789 Attempting to load shared library C:\Users\Nadeem\.gradle\native\660c5614fbf4a5f2a75b1949f50a0caf5cd603558e7d8a26e50b933a0cfb79d1\windows-amd64\native-platform.dll
Event: 1.790 Loaded shared library C:\Users\Nadeem\.gradle\native\660c5614fbf4a5f2a75b1949f50a0caf5cd603558e7d8a26e50b933a0cfb79d1\windows-amd64\native-platform.dll
Event: 1.853 Attempting to load shared library C:\Users\Nadeem\.gradle\native\jansi\2.4.2\Windows\x86_64\jansi.dll
Event: 1.855 Loaded shared library C:\Users\Nadeem\.gradle\native\jansi\2.4.2\Windows\x86_64\jansi.dll
Event: 1.959 Attempting to load shared library C:\Program Files\Java\jdk-26.0.1\bin\verify.dll
Event: 1.961 Loaded shared library C:\Program Files\Java\jdk-26.0.1\bin\verify.dll
Event: 2.257 Attempting to load shared library C:\Program Files\Java\jdk-26.0.1\bin\extnet.dll
Event: 2.259 Loaded shared library C:\Program Files\Java\jdk-26.0.1\bin\extnet.dll
Event: 7.308 Attempting to load shared library C:\Program Files\Java\jdk-26.0.1\bin\sunmscapi.dll
Event: 7.313 Loaded shared library C:\Program Files\Java\jdk-26.0.1\bin\sunmscapi.dll

Deoptimization events (20 events):
Event: 7.269 Thread 0x000001d487d0df50 Uncommon trap: trap_request=0xffffffde fr.pc=0x000001d4985443cc relative=0x000000000000054c
Event: 7.269 Thread 0x000001d487d0df50 Uncommon trap: reason=class_check action=maybe_recompile pc=0x000001d4985443cc method=java.util.HashMap.putVal(ILjava/lang/Object;Ljava/lang/Object;ZZ)Ljava/lang/Object; @ 203 c2
Event: 7.269 Thread 0x000001d487d0df50 DEOPT PACKING pc=0x000001d4985443cc sp=0x000000c163dfc4c0
Event: 7.269 Thread 0x000001d487d0df50 DEOPT UNPACKING pc=0x000001d498024082 sp=0x000000c163dfc430 mode 2
Event: 208.632 Thread 0x000001d4a7795020 Uncommon trap: trap_request=0xffffff5e fr.pc=0x000001d498546378 relative=0x0000000000000478
Event: 208.632 Thread 0x000001d4a7795020 Uncommon trap: reason=speculate_class_check action=maybe_recompile pc=0x000001d498546378 method=java.lang.String.<init>(Ljava/lang/AbstractStringBuilder;Ljava/lang/Void;)V @ 10 c2
Event: 208.632 Thread 0x000001d4a7795020 DEOPT PACKING pc=0x000001d498546378 sp=0x000000c1654fe830
Event: 208.632 Thread 0x000001d4a7795020 DEOPT UNPACKING pc=0x000001d498024082 sp=0x000000c1654fe800 mode 2
Event: 208.658 Thread 0x000001d4a7795020 Uncommon trap: trap_request=0xffffff5e fr.pc=0x000001d498546378 relative=0x0000000000000478
Event: 208.658 Thread 0x000001d4a7795020 Uncommon trap: reason=speculate_class_check action=maybe_recompile pc=0x000001d498546378 method=java.lang.String.<init>(Ljava/lang/AbstractStringBuilder;Ljava/lang/Void;)V @ 10 c2
Event: 208.658 Thread 0x000001d4a7795020 DEOPT PACKING pc=0x000001d498546378 sp=0x000000c1654fe830
Event: 208.658 Thread 0x000001d4a7795020 DEOPT UNPACKING pc=0x000001d498024082 sp=0x000000c1654fe800 mode 2
Event: 208.674 Thread 0x000001d4a7795020 Uncommon trap: trap_request=0xffffff5e fr.pc=0x000001d498546378 relative=0x0000000000000478
Event: 208.674 Thread 0x000001d4a7795020 Uncommon trap: reason=speculate_class_check action=maybe_recompile pc=0x000001d498546378 method=java.lang.String.<init>(Ljava/lang/AbstractStringBuilder;Ljava/lang/Void;)V @ 10 c2
Event: 208.674 Thread 0x000001d4a7795020 DEOPT PACKING pc=0x000001d498546378 sp=0x000000c1654fe830
Event: 208.674 Thread 0x000001d4a7795020 DEOPT UNPACKING pc=0x000001d498024082 sp=0x000000c1654fe800 mode 2
Event: 225.514 Thread 0x000001d487d0df50 Uncommon trap: trap_request=0xffffffcc fr.pc=0x000001d49854a49c relative=0x000000000000039c
Event: 225.514 Thread 0x000001d487d0df50 Uncommon trap: reason=intrinsic_or_type_checked_inlining action=make_not_entrant pc=0x000001d49854a49c method=java.util.Arrays.copyOf([Ljava/lang/Object;ILjava/lang/Class;)[Ljava/lang/Object; @ 35 c2
Event: 225.514 Thread 0x000001d487d0df50 DEOPT PACKING pc=0x000001d49854a49c sp=0x000000c163dfe590
Event: 225.514 Thread 0x000001d487d0df50 DEOPT UNPACKING pc=0x000001d498024082 sp=0x000000c163dfe538 mode 2

Classes loaded (20 events):
Event: 208.507 Loading class java/io/SerialCallbackContext
Event: 208.508 Loading class java/io/SerialCallbackContext done
Event: 208.532 Loading class java/lang/Throwable$PrintStreamOrWriter
Event: 208.533 Loading class java/lang/Throwable$PrintStreamOrWriter done
Event: 208.618 Loading class java/lang/Throwable$WrappedPrintWriter
Event: 208.619 Loading class java/lang/Throwable$WrappedPrintWriter done
Event: 225.234 Loading class sun/net/ConnectionResetException
Event: 225.238 Loading class sun/net/ConnectionResetException done
Event: 225.256 Loading class java/nio/file/FileChannelLinesSpliterator
Event: 225.261 Loading class java/nio/file/FileChannelLinesSpliterator done
Event: 225.279 Loading class sun/nio/fs/WindowsChannelFactory$2
Event: 225.280 Loading class sun/nio/fs/WindowsChannelFactory$2 done
Event: 225.290 Loading class java/util/stream/Streams$1
Event: 225.296 Loading class java/util/stream/Streams$1 done
Event: 225.313 Loading class java/nio/file/FileChannelLinesSpliterator$1
Event: 225.314 Loading class java/nio/file/FileChannelLinesSpliterator$1 done
Event: 225.364 Loading class java/util/concurrent/ConcurrentLinkedQueue$Itr
Event: 225.366 Loading class java/util/concurrent/ConcurrentLinkedQueue$Itr done
Event: 225.436 Loading class java/lang/StackTraceElement$HashedModules
Event: 225.439 Loading class java/lang/StackTraceElement$HashedModules done

Classes unloaded (0 events):
No events

Classes redefined (0 events):
No events

Internal exceptions (20 events):
Event: 2.823 Thread 0x000001d487d0df50 Exception <a 'java/lang/NoSuchMethodError'{0x00000000ffd95218}: 'java.lang.Object java.lang.invoke.DirectMethodHandle$Holder.newInvokeSpecial(java.lang.Object, java.lang.Object, java.lang.Object, java.lang.Object, int)'> (0x00000000ffd95218) 
thrown [s\open\src\hotspot\share\interpreter\linkResolver.cpp, line 804]
Event: 2.824 Thread 0x000001d487d0df50 Exception <a 'java/lang/NoSuchMethodError'{0x00000000ffd9dd30}: 'java.lang.Object java.lang.invoke.DirectMethodHandle$Holder.invokeSpecial(java.lang.Object, java.lang.Object, java.lang.Object, java.lang.Object, java.lang.Object, int)'> (0x00000000ffd9dd30) 
thrown [s\open\src\hotspot\share\interpreter\linkResolver.cpp, line 804]
Event: 2.825 Thread 0x000001d487d0df50 Exception <a 'java/lang/NoSuchMethodError'{0x00000000ffda5ea0}: 'java.lang.Object java.lang.invoke.Invokers$Holder.linkToTargetMethod(java.lang.Object, java.lang.Object, java.lang.Object, int, java.lang.Object)'> (0x00000000ffda5ea0) 
thrown [s\open\src\hotspot\share\interpreter\linkResolver.cpp, line 804]
Event: 2.830 Thread 0x000001d487d0df50 Exception <a 'java/lang/IncompatibleClassChangeError'{0x00000000ffdce6d0}: Found class java.lang.Object, but interface was expected> (0x00000000ffdce6d0) 
thrown [s\open\src\hotspot\share\interpreter\linkResolver.cpp, line 871]
Event: 2.834 Thread 0x000001d487d0df50 Exception <a 'java/lang/NoSuchMethodError'{0x00000000ffc00d18}: 'int java.lang.invoke.DirectMethodHandle$Holder.invokeStatic(java.lang.Object, java.lang.Object, java.lang.Object, java.lang.Object)'> (0x00000000ffc00d18) 
thrown [s\open\src\hotspot\share\interpreter\linkResolver.cpp, line 804]
Event: 2.961 Thread 0x000001d4a7794080 Exception <a 'java/lang/NoSuchMethodError'{0x00000000ff8bf318}: 'void java.lang.invoke.DirectMethodHandle$Holder.invokeStatic(java.lang.Object, long)'> (0x00000000ff8bf318) 
thrown [s\open\src\hotspot\share\interpreter\linkResolver.cpp, line 804]
Event: 2.962 Thread 0x000001d4a7794080 Exception <a 'java/lang/NoSuchMethodError'{0x00000000ff8cdff0}: 'java.lang.Object java.lang.invoke.DirectMethodHandle$Holder.newInvokeSpecial(java.lang.Object, long)'> (0x00000000ff8cdff0) 
thrown [s\open\src\hotspot\share\interpreter\linkResolver.cpp, line 804]
Event: 2.964 Thread 0x000001d4a7794080 Exception <a 'java/lang/NoSuchMethodError'{0x00000000ff8d7ae0}: 'java.lang.Object java.lang.invoke.DirectMethodHandle$Holder.invokeStatic(java.lang.Object, long, java.lang.Object)'> (0x00000000ff8d7ae0) 
thrown [s\open\src\hotspot\share\interpreter\linkResolver.cpp, line 804]
Event: 2.965 Thread 0x000001d4a7794080 Exception <a 'java/lang/NoSuchMethodError'{0x00000000ff8dfc30}: 'java.lang.Object java.lang.invoke.DirectMethodHandle$Holder.invokeStaticInit(java.lang.Object, long, java.lang.Object)'> (0x00000000ff8dfc30) 
thrown [s\open\src\hotspot\share\interpreter\linkResolver.cpp, line 804]
Event: 3.238 Thread 0x000001d4a7794080 Exception <a 'java/lang/NoSuchMethodError'{0x00000000ff8faeb8}: 'void java.lang.invoke.DirectMethodHandle$Holder.invokeSpecial(java.lang.Object, java.lang.Object, int)'> (0x00000000ff8faeb8) 
thrown [s\open\src\hotspot\share\interpreter\linkResolver.cpp, line 804]
Event: 3.239 Thread 0x000001d4a7794080 Exception <a 'java/lang/NoSuchMethodError'{0x00000000ff78a2c8}: 'java.lang.Object java.lang.invoke.DirectMethodHandle$Holder.newInvokeSpecial(java.lang.Object, java.lang.Object, int)'> (0x00000000ff78a2c8) 
thrown [s\open\src\hotspot\share\interpreter\linkResolver.cpp, line 804]
Event: 3.245 Thread 0x000001d487d0df50 Exception <a 'java/lang/NoSuchMethodError'{0x00000000ff7c8cb0}: 'void java.lang.invoke.DirectMethodHandle$Holder.invokeStaticInit(java.lang.Object, java.lang.Object)'> (0x00000000ff7c8cb0) 
thrown [s\open\src\hotspot\share\interpreter\linkResolver.cpp, line 804]
Event: 3.253 Thread 0x000001d487d0df50 Exception <a 'java/lang/NoSuchMethodError'{0x00000000ff60a090}: 'java.lang.Object java.lang.invoke.DirectMethodHandle$Holder.newInvokeSpecial(java.lang.Object, int, java.lang.Object)'> (0x00000000ff60a090) 
thrown [s\open\src\hotspot\share\interpreter\linkResolver.cpp, line 804]
Event: 3.278 Thread 0x000001d487d0df50 Implicit null exception at 0x000001d4984d8938 to 0x000001d4984d8fe4
Event: 208.407 Thread 0x000001d487d0df50 Exception <a 'java/lang/NoSuchMethodError'{0x00000000ff2e0ce8}: 'long java.lang.invoke.DirectMethodHandle$Holder.invokeSpecial(java.lang.Object, java.lang.Object)'> (0x00000000ff2e0ce8) 
thrown [s\open\src\hotspot\share\interpreter\linkResolver.cpp, line 804]
Event: 208.409 Thread 0x000001d487d0df50 Exception <a 'java/lang/NoSuchMethodError'{0x00000000ff1078f8}: 'long java.lang.invoke.Invokers$Holder.invokeExact_MT(java.lang.Object, java.lang.Object)'> (0x00000000ff1078f8) 
thrown [s\open\src\hotspot\share\interpreter\linkResolver.cpp, line 804]
Event: 225.239 Thread 0x000001d487d0df50 Exception <a 'sun/net/ConnectionResetException'{0x00000000ff1e70a0}: Connection reset> (0x00000000ff1e70a0) 
thrown [s\open\src\hotspot\share\prims\jni.cpp, line 532]
Event: 225.330 Thread 0x000001d487d0df50 Exception <a 'java/lang/NoSuchMethodError'{0x00000000ff09c350}: 'int java.lang.invoke.DirectMethodHandle$Holder.invokeVirtual(java.lang.Object, java.lang.Object)'> (0x00000000ff09c350) 
thrown [s\open\src\hotspot\share\interpreter\linkResolver.cpp, line 804]
Event: 225.350 Thread 0x000001d487d0df50 Exception <a 'java/io/IOException'{0x00000000ff0b4e90}: Connection reset by peer> (0x00000000ff0b4e90) 
thrown [s\open\src\hotspot\share\prims\jni.cpp, line 532]
Event: 225.497 Thread 0x000001d487d0df50 Exception <a 'java/lang/NoSuchMethodError'{0x00000000fef45168}: 'void java.lang.invoke.DirectMethodHandle$Holder.invokeStatic(java.lang.Object, int, java.lang.Object)'> (0x00000000fef45168) 
thrown [s\open\src\hotspot\share\interpreter\linkResolver.cpp, line 804]

VM Operations (20 events):
Event: 1.812 Executing non-safepoint VM operation: HandshakeAllThreads (Deoptimize)
Event: 1.812 Executing non-safepoint VM operation: HandshakeAllThreads (Deoptimize) done
Event: 1.849 Executing non-safepoint VM operation: HandshakeAllThreads (Deoptimize)
Event: 1.849 Executing non-safepoint VM operation: HandshakeAllThreads (Deoptimize) done
Event: 2.802 Executing safepoint VM operation: G1CollectForAllocation (G1 Evacuation Pause)
Event: 2.809 Executing safepoint VM operation: G1CollectForAllocation (G1 Evacuation Pause) done
Event: 3.312 Executing non-safepoint VM operation: HandshakeAllThreads (Deoptimize)
Event: 3.313 Executing non-safepoint VM operation: HandshakeAllThreads (Deoptimize) done
Event: 3.460 Executing non-safepoint VM operation: HandshakeAllThreads (Deoptimize)
Event: 3.460 Executing non-safepoint VM operation: HandshakeAllThreads (Deoptimize) done
Event: 7.250 Executing non-safepoint VM operation: HandshakeAllThreads (Deoptimize)
Event: 7.250 Executing non-safepoint VM operation: HandshakeAllThreads (Deoptimize) done
Event: 60.022 Executing non-safepoint VM operation: HandshakeAllThreads (DeflationHandshakeClosure)
Event: 60.022 Executing non-safepoint VM operation: HandshakeAllThreads (DeflationHandshakeClosure) done
Event: 60.022 Executing non-safepoint VM operation: RendezvousGCThreads
Event: 60.022 Executing non-safepoint VM operation: RendezvousGCThreads done
Event: 225.455 Executing non-safepoint VM operation: HandshakeAllThreads (Deoptimize)
Event: 225.456 Executing non-safepoint VM operation: HandshakeAllThreads (Deoptimize) done
Event: 225.458 Executing non-safepoint VM operation: HandshakeAllThreads (Deoptimize)
Event: 225.458 Executing non-safepoint VM operation: HandshakeAllThreads (Deoptimize) done

Memory protections (0 events):
No events

Nmethod flushes (0 events):
No events

Events (20 events):
Event: 2.836 Thread 0x000001d487d0df50 Thread added: 0x000001d4a77957f0
Event: 2.836 Thread 0x000001d4a77957f0 Thread added: 0x000001d4a7796790
Event: 2.836 Thread 0x000001d4a77957f0 Thread added: 0x000001d4a7795fc0
Event: 2.948 Thread 0x000001d487d0df50 Thread added: 0x000001d4a7794080
Event: 2.976 Thread 0x000001d4a7794080 Thread added: 0x000001d4a7799670
Event: 2.976 Thread 0x000001d4a7794080 Thread added: 0x000001d4a7799e40
Event: 3.211 Thread 0x000001d4a27488d0 Thread exited: 0x000001d4a27488d0
Event: 3.298 Thread 0x000001d487d0df50 Thread added: 0x000001d4a7f44b50
Event: 3.311 Thread 0x000001d4a7f44b50 Thread added: 0x000001d4a7f3f560
Event: 3.311 Thread 0x000001d4a7f44b50 Thread added: 0x000001d4a7f40cd0
Event: 3.313 Thread 0x000001d4a7f3f560 Thread exited: 0x000001d4a7f3f560
Event: 7.170 Thread 0x000001d4a7f44b50 Thread exited: 0x000001d4a7f44b50
Event: 7.172 Thread 0x000001d4a7f40cd0 Thread exited: 0x000001d4a7f40cd0
Event: 7.236 Thread 0x000001d487d0df50 Thread added: 0x000001d4a7f433e0
Event: 62.945 Thread 0x000001d4a77957f0 Thread exited: 0x000001d4a77957f0
Event: 62.965 Thread 0x000001d4a7796790 Thread exited: 0x000001d4a7796790
Event: 62.988 Thread 0x000001d4a7795fc0 Thread exited: 0x000001d4a7795fc0
Event: 63.229 Thread 0x000001d4a7799e40 Thread exited: 0x000001d4a7799e40
Event: 63.229 Thread 0x000001d4a7799670 Thread exited: 0x000001d4a7799670
Event: 63.242 Thread 0x000001d4a7794080 Thread exited: 0x000001d4a7794080


Dynamic libraries:
0x00007ff700ba0000 - 0x00007ff700bb0000 	C:\Program Files\Java\jdk-26.0.1\bin\java.exe
0x00007ffa4b710000 - 0x00007ffa4b909000 	C:\WINDOWS\SYSTEM32\ntdll.dll
0x00007ffa4a4b0000 - 0x00007ffa4a572000 	C:\WINDOWS\System32\KERNEL32.DLL
0x00007ffa49360000 - 0x00007ffa49657000 	C:\WINDOWS\System32\KERNELBASE.dll
0x00007ffa48de0000 - 0x00007ffa48ee0000 	C:\WINDOWS\System32\ucrtbase.dll
0x00007ff9e7a90000 - 0x00007ff9e7aa7000 	C:\Program Files\Java\jdk-26.0.1\bin\jli.dll
0x00007ffa4a580000 - 0x00007ffa4a71d000 	C:\WINDOWS\System32\USER32.dll
0x00007ffa48f10000 - 0x00007ffa48f32000 	C:\WINDOWS\System32\win32u.dll
0x00007ffa4a7d0000 - 0x00007ffa4a7fb000 	C:\WINDOWS\System32\GDI32.dll
0x00007ffa37150000 - 0x00007ffa373eb000 	C:\WINDOWS\WinSxS\amd64_microsoft.windows.common-controls_6595b64144ccf1df_6.0.19041.7663_none_60b9ed0b71f50c93\COMCTL32.dll
0x00007ffa49140000 - 0x00007ffa4925a000 	C:\WINDOWS\System32\gdi32full.dll
0x00007ffa4ac10000 - 0x00007ffa4acae000 	C:\WINDOWS\System32\msvcrt.dll
0x00007ffa48f40000 - 0x00007ffa48fdd000 	C:\WINDOWS\System32\msvcp_win.dll
0x00007ff9e79e0000 - 0x00007ff9e79fe000 	C:\Program Files\Java\jdk-26.0.1\bin\VCRUNTIME140.dll
0x00007ffa4acb0000 - 0x00007ffa4acdf000 	C:\WINDOWS\System32\IMM32.DLL
0x00007ffa2ce40000 - 0x00007ffa2ce4c000 	C:\Program Files\Java\jdk-26.0.1\bin\vcruntime140_1.dll
0x00007ff9c2f20000 - 0x00007ff9c2fad000 	C:\Program Files\Java\jdk-26.0.1\bin\msvcp140.dll
0x00007ff9c1bf0000 - 0x00007ff9c2abe000 	C:\Program Files\Java\jdk-26.0.1\bin\server\jvm.dll
0x00007ffa4b440000 - 0x00007ffa4b4f2000 	C:\WINDOWS\System32\ADVAPI32.dll
0x00007ffa4ab70000 - 0x00007ffa4ac10000 	C:\WINDOWS\System32\sechost.dll
0x00007ffa4a810000 - 0x00007ffa4a936000 	C:\WINDOWS\System32\RPCRT4.dll
0x00007ffa48ee0000 - 0x00007ffa48f07000 	C:\WINDOWS\System32\bcrypt.dll
0x00007ffa4a940000 - 0x00007ffa4a9b3000 	C:\WINDOWS\System32\WS2_32.dll
0x00007ffa48260000 - 0x00007ffa482ab000 	C:\WINDOWS\SYSTEM32\POWRPROF.dll
0x00007ffa3b0a0000 - 0x00007ffa3b0c7000 	C:\WINDOWS\SYSTEM32\WINMM.dll
0x00007ffa3b650000 - 0x00007ffa3b65a000 	C:\WINDOWS\SYSTEM32\VERSION.dll
0x00007ffa48120000 - 0x00007ffa48132000 	C:\WINDOWS\SYSTEM32\UMPDC.dll
0x00007ffa46bb0000 - 0x00007ffa46bc2000 	C:\WINDOWS\SYSTEM32\kernel.appcore.dll
0x00007ffa2c160000 - 0x00007ffa2c16a000 	C:\Program Files\Java\jdk-26.0.1\bin\jimage.dll
0x00007ffa3f560000 - 0x00007ffa3f76b000 	C:\WINDOWS\SYSTEM32\DBGHELP.DLL
0x00007ffa3f4e0000 - 0x00007ffa3f515000 	C:\WINDOWS\SYSTEM32\dbgcore.DLL
0x00007ffa49660000 - 0x00007ffa496e2000 	C:\WINDOWS\System32\bcryptPrimitives.dll
0x00007ff9e79c0000 - 0x00007ff9e79df000 	C:\Program Files\Java\jdk-26.0.1\bin\java.dll
0x00007ffa4a380000 - 0x00007ffa4a4ac000 	C:\WINDOWS\System32\ole32.dll
0x00007ffa4a020000 - 0x00007ffa4a374000 	C:\WINDOWS\System32\combase.dll
0x00007ffa498a0000 - 0x00007ffa4a011000 	C:\WINDOWS\System32\SHELL32.dll
0x00007ffa46dc0000 - 0x00007ffa4756c000 	C:\WINDOWS\SYSTEM32\windows.storage.dll
0x00007ffa48780000 - 0x00007ffa487ab000 	C:\WINDOWS\SYSTEM32\Wldp.dll
0x00007ffa4a720000 - 0x00007ffa4a7cd000 	C:\WINDOWS\System32\SHCORE.dll
0x00007ffa49830000 - 0x00007ffa4988b000 	C:\WINDOWS\System32\shlwapi.dll
0x00007ffa48c90000 - 0x00007ffa48cb5000 	C:\WINDOWS\SYSTEM32\profapi.dll
0x00007ff9e6960000 - 0x00007ff9e6972000 	C:\Program Files\Java\jdk-26.0.1\bin\net.dll
0x00007ffa484b0000 - 0x00007ffa4851a000 	C:\WINDOWS\system32\mswsock.dll
0x00007ff9e5600000 - 0x00007ff9e5616000 	C:\Program Files\Java\jdk-26.0.1\bin\nio.dll
0x00007ff9e2d30000 - 0x00007ff9e2d47000 	C:\Program Files\Java\jdk-26.0.1\bin\zip.dll
0x00007ffa2c0f0000 - 0x00007ffa2c0fa000 	C:\Program Files\Java\jdk-26.0.1\bin\management.dll
0x00007ffa2bf50000 - 0x00007ffa2bf5c000 	C:\Program Files\Java\jdk-26.0.1\bin\management_ext.dll
0x00007ffa4b6a0000 - 0x00007ffa4b6a8000 	C:\WINDOWS\System32\PSAPI.DLL
0x00007ffa279e0000 - 0x00007ffa27a07000 	C:\Users\Nadeem\.gradle\native\660c5614fbf4a5f2a75b1949f50a0caf5cd603558e7d8a26e50b933a0cfb79d1\windows-amd64\native-platform.dll
0x00007ff9e0f50000 - 0x00007ff9e0f74000 	C:\Users\Nadeem\.gradle\native\jansi\2.4.2\Windows\x86_64\jansi.dll
0x00007ffa2bda0000 - 0x00007ffa2bdb0000 	C:\Program Files\Java\jdk-26.0.1\bin\verify.dll
0x00007ffa486e0000 - 0x00007ffa486f8000 	C:\WINDOWS\SYSTEM32\CRYPTSP.dll
0x00007ffa47d60000 - 0x00007ffa47d98000 	C:\WINDOWS\system32\rsaenh.dll
0x00007ffa48c40000 - 0x00007ffa48c6e000 	C:\WINDOWS\SYSTEM32\USERENV.dll
0x00007ffa486d0000 - 0x00007ffa486dc000 	C:\WINDOWS\SYSTEM32\CRYPTBASE.dll
0x00007ffa48140000 - 0x00007ffa4817b000 	C:\WINDOWS\SYSTEM32\IPHLPAPI.DLL
0x00007ffa49890000 - 0x00007ffa49898000 	C:\WINDOWS\System32\NSI.dll
0x00007ffa2ad50000 - 0x00007ffa2ad59000 	C:\Program Files\Java\jdk-26.0.1\bin\extnet.dll
0x00007ffa26c00000 - 0x00007ffa26c0e000 	C:\Program Files\Java\jdk-26.0.1\bin\sunmscapi.dll
0x00007ffa48fe0000 - 0x00007ffa4913d000 	C:\WINDOWS\System32\CRYPT32.dll
0x00007ffa487f0000 - 0x00007ffa48817000 	C:\WINDOWS\SYSTEM32\ncrypt.dll
0x00007ffa487b0000 - 0x00007ffa487eb000 	C:\WINDOWS\SYSTEM32\NTASN1.dll
0x00007ffa34010000 - 0x00007ffa34017000 	C:\WINDOWS\system32\wshunix.dll

JVMTI agents: none

dbghelp: loaded successfully - version: 4.0.5 - missing functions: none
symbol engine: initialized successfully - sym options: 0x614 - pdb path: .;C:\Program Files\Java\jdk-26.0.1\bin;C:\WINDOWS\SYSTEM32;C:\WINDOWS\WinSxS\amd64_microsoft.windows.common-controls_6595b64144ccf1df_6.0.19041.7663_none_60b9ed0b71f50c93;C:\Program Files\Java\jdk-26.0.1\bin\server;C:\Users\Nadeem\.gradle\native\660c5614fbf4a5f2a75b1949f50a0caf5cd603558e7d8a26e50b933a0cfb79d1\windows-amd64;C:\Users\Nadeem\.gradle\native\jansi\2.4.2\Windows\x86_64

VM Arguments:
jvm_args: -Xmx64m -Xms64m -Dorg.gradle.appname=gradlew 
java_command: C:\Users\Nadeem\Desktop\vaccine_manager_app\\gradle\wrapper\gradle-wrapper.jar :app:compileDebugKotlin --no-daemon
java_class_path (initial): C:\Users\Nadeem\Desktop\vaccine_manager_app\\gradle\wrapper\gradle-wrapper.jar
Launcher Type: SUN_STANDARD

[Global flags]
     bool AOTAdapterCaching                        = false                                  {diagnostic} {ergonomic}
     bool AOTInvokeDynamicLinking                  = false                                  {diagnostic} {ergonomic}
     bool AOTRecordTraining                        = false                                  {diagnostic} {ergonomic}
     bool AOTReplayTraining                        = false                                  {diagnostic} {ergonomic}
     bool AOTStubCaching                           = false                                  {diagnostic} {ergonomic}
     intx CICompilerCount                          = 3                                         {product} {ergonomic}
     uint ConcGCThreads                            = 1                                         {product} {ergonomic}
     uint G1ConcRefinementThreads                  = 4                                         {product} {ergonomic}
     uint G1EagerReclaimRemSetThreshold            = 10                                   {experimental} {ergonomic}
   size_t G1HeapRegionSize                         = 1048576                                   {product} {ergonomic}
     uint G1RemSetArrayOfCardsEntries              = 10                                   {experimental} {ergonomic}
     uint G1RemSetHowlMaxNumBuckets                = 8                                    {experimental} {ergonomic}
     uint G1RemSetHowlNumBuckets                   = 4                                    {experimental} {ergonomic}
   size_t InitialHeapSize                          = 67108864                                  {product} {command line}
     bool IntelJccErratumMitigation                = false                             {ARCH diagnostic} {ergonomic}
   size_t MarkStackSize                            = 4194304                                   {product} {ergonomic}
   size_t MarkStackSizeMax                         = 536870912                                 {product} {ergonomic}
   size_t MaxHeapSize                              = 67108864                                  {product} {command line}
   size_t MaxNewSize                               = 39845888                                  {product} {ergonomic}
 uint64_t MaxRAM                                   = 8489078784                                {product} {ergonomic}
   size_t MinHeapDeltaBytes                        = 1048576                                   {product} {ergonomic}
   size_t MinHeapSize                              = 67108864                                  {product} {command line}
   size_t NonNMethodCodeHeapSize                   = 5898240                                {pd product} {ergonomic}
   size_t NonProfiledCodeHeapSize                  = 122945536                              {pd product} {ergonomic}
   size_t ProfiledCodeHeapSize                     = 122945536                              {pd product} {ergonomic}
   size_t ReservedCodeCacheSize                    = 251789312                              {pd product} {ergonomic}
     bool SegmentedCodeCache                       = true                                      {product} {ergonomic}
   size_t SoftMaxHeapSize                          = 67108864                               {manageable} {ergonomic}
     bool UseCompressedOops                        = true                           {product lp64_product} {ergonomic}
     bool UseCondCardMark                          = true                                      {product} {ergonomic}
     bool UseFastUnorderedTimeStamps               = true                                 {experimental} {ergonomic}
     bool UseG1GC                                  = true                                      {product} {ergonomic}
     bool UseLargePagesIndividualAllocation        = false                                  {pd product} {ergonomic}
      int X86ICacheSync                            = 1                                 {ARCH diagnostic} {ergonomic}

Logging:
Log output configuration:
 #0: stdout all=warning uptime,level,tags foldmultilines=false
 #1: stderr all=off uptime,level,tags foldmultilines=false

Release file:
IMPLEMENTOR="Oracle Corporation" 
JAVA_RUNTIME_VERSION="26.0.1+8-34" 
JAVA_VERSION="26.0.1" 
JAVA_VERSION_DATE="2026-04-21" 
LIBC="default" 
MODULES="java.base java.compiler java.datatransfer java.xml java.prefs java.desktop java.instrument java.logging java.management java.security.sasl java.naming java.rmi java.management.rmi java.net.http java.scripting java.security.jgss java.transaction.xa java.sql java.sql.rowset java.xml.crypto java.se java.smartcardio jdk.accessibility jdk.internal.jvmstat jdk.attach jdk.charsets jdk.internal.opt jdk.zipfs jdk.compiler jdk.crypto.cryptoki jdk.crypto.ec jdk.crypto.mscapi jdk.dynalink jdk.internal.ed jdk.editpad jdk.internal.vm.ci jdk.graal.compiler jdk.graal.compiler.management jdk.hotspot.agent jdk.httpserver jdk.incubator.vector jdk.internal.le jdk.internal.md jdk.jartool jdk.javadoc jdk.jcmd jdk.management jdk.management.agent jdk.jconsole jdk.jdeps jdk.jdwp.agent jdk.jdi jdk.jfr jdk.jlink jdk.jpackage jdk.jshell jdk.jstatd jdk.localedata jdk.management.jfr jdk.naming.dns jdk.naming.rmi jdk.net jdk.nio.mapmode jdk.sctp jdk.security.auth jdk.security.jgss jdk.unsupported jdk.unsupported.desktop jdk.xml.dom" 
OS_ARCH="x86_64" 
OS_NAME="Windows" 
SOURCE=".:git:8fcde8268d22 open:git:fcc00fc4aee7" 

Environment Variables:
PATH=C:\Users\Nadeem\AppData\Local\Programs\Python\Python313\Scripts\;C:\Users\Nadeem\AppData\Local\Programs\Python\Python313\;C:\Program Files\Common Files\Oracle\Java\javapath;C:\WINDOWS\system32;C:\WINDOWS;C:\WINDOWS\System32\Wbem;C:\WINDOWS\System32\WindowsPowerShell\v1.0\;C:\WINDOWS\System32\OpenSSH\;C:\Program Files\Java\jdk-24\bin;C:\Program Files (x86)\NVIDIA Corporation\PhysX\Common;C:\Program Files\nodejs\;C:\ProgramData\chocolatey\bin;C:\Program Files\dotnet\;C:\Program Files\Java\jdk-26.0.1\bin;C:\Program Files\Java\jdk-24\bin;C:\Program Files\Git\cmd;C:\Users\Nadeem\AppData\Local\Microsoft\WindowsApps;C:\Users\Nadeem\AppData\Local\Programs\Microsoft VS Code\bin;C:\Users\Nadeem\AppData\Roaming\npm;
USERNAME=Nadeem
OS=Windows_NT
PROCESSOR_IDENTIFIER=Intel64 Family 6 Model 69 Stepping 1, GenuineIntel
TMP=C:\Users\Nadeem\AppData\Local\Temp
TEMP=C:\Users\Nadeem\AppData\Local\Temp




Compilation memory statistics disabled.

Periodic native trim disabled

---------------  S Y S T E M  ---------------

OS:
 Windows 10 , 64 bit Build 19041 (10.0.19041.7725)
OS uptime: 7 days 9:27 hours

CPU: total 4 (initial active 4) (2 cores per cpu, 2 threads per core) family 6 model 69 stepping 1 microcode 0x25, cx8, cmov, fxsr, ht, mmx, sse, sse2, sse3, ssse3, sse4.1, sse4.2, popcnt, lzcnt, tsc, tscinvbit, avx, avx2, aes, erms, clmul, bmi1, bmi2, fma, vzeroupper, clflush, rdtscp, f16c
Processor Information for the first 4 processors :
  Max Mhz: 1701, Current Mhz: 1701, Mhz Limit: 1701

Memory: 4k page, system-wide physical 8095M (533M free)
TotalPageFile size 24443M (AvailPageFile size 2M)
current process WorkingSet (physical memory assigned to process): 67M, peak: 121M
current process commit charge ("private bytes"): 167M, peak: 181M

vm_info: Java HotSpot(TM) 64-Bit Server VM (26.0.1+8-34) for windows-amd64 JRE (26.0.1+8-34), built on 2026-03-10T17:24:10Z with MS VC++ 17.13 (VS2022)

END.
