#
# There is insufficient memory for the Java Runtime Environment to continue.
# Native memory allocation (malloc) failed to allocate 1868120 bytes. Error detail: Chunk::new
# Possible reasons:
#   The system is out of physical RAM or swap space
#   This process is running with CompressedOops enabled, and the Java Heap may be blocking the growth of the native heap
# Possible solutions:
#   Reduce memory load on the system
#   Increase physical memory or swap space
#   Check if swap backing store is full
#   Decrease Java heap size (-Xmx/-Xms)
#   Decrease number of Java threads
#   Decrease Java thread stack sizes (-Xss)
#   Set larger code cache with -XX:ReservedCodeCacheSize=
#   JVM is running with Unscaled Compressed Oops mode in which the Java heap is
#     placed in the first 4GB address space. The Java Heap base address is the
#     maximum limit for the native heap growth. Please use -XX:HeapBaseMinAddress
#     to set the Java Heap base and to place the Java Heap above 4GB virtual address.
# This output file may be truncated or incomplete.
#
#  Out of Memory Error (arena.cpp:193), pid=17956, tid=3300
#
# JRE version: Java(TM) SE Runtime Environment (26.0.1+8) (build 26.0.1+8-34)
# Java VM: Java HotSpot(TM) 64-Bit Server VM (26.0.1+8-34, mixed mode, sharing, tiered, compressed oops, compressed class ptrs, g1 gc, windows-amd64)
# No core dump will be written. Minidumps are not enabled by default on client versions of Windows
#

---------------  S U M M A R Y ------------

Command Line: -Xmx64m -Xms64m -Dorg.gradle.appname=gradlew C:\Users\Nadeem\Desktop\vaccine_manager_app\\gradle\wrapper\gradle-wrapper.jar :app:compileDebugKotlin --no-daemon

Host: Intel(R) Core(TM) i5-4210U CPU @ 1.70GHz, 4 cores, 7G,  Windows 10 , 64 bit Build 19041 (10.0.19041.7725)
Time: Mon Sep 28 08:51:30 2026 India Standard Time elapsed time: 125.250928 seconds (0d 0h 2m 5s)

---------------  T H R E A D  ---------------

Current thread (0x000002152dbb1bf0):  JavaThread "C2 CompilerThread0" daemon [_thread_in_native, id=3300, stack(0x00000015fb200000,0x00000015fb300000) (1024K)]


Current CompileTask:
C2:125251 2224       4       java.lang.AbstractStringBuilder::append (100 bytes)

Stack: [0x00000015fb200000,0x00000015fb300000]
Native frames: (J=compiled Java code, j=interpreted, Vv=VM code, C=native code)
V  [jvm.dll+0x7d5879]  (no source info available)
V  [jvm.dll+0x7a37dd]  (no source info available)
V  [jvm.dll+0x9b0c10]  (no source info available)
V  [jvm.dll+0x9b3061]  (no source info available)
V  [jvm.dll+0x9b3773]  (no source info available)
V  [jvm.dll+0x30df76]  (no source info available)
V  [jvm.dll+0x11d8a6]  (no source info available)
V  [jvm.dll+0x11dbce]  (no source info available)
V  [jvm.dll+0x1afbe6]  (no source info available)
V  [jvm.dll+0x3ca822]  (no source info available)
V  [jvm.dll+0x7de462]  (no source info available)
V  [jvm.dll+0x2d1647]  (no source info available)
V  [jvm.dll+0x2d05bf]  (no source info available)
V  [jvm.dll+0x246820]  (no source info available)
V  [jvm.dll+0x2e06dc]  (no source info available)
V  [jvm.dll+0x2de8bd]  (no source info available)
V  [jvm.dll+0x4a3ff1]  (no source info available)
V  [jvm.dll+0x94f649]  (no source info available)
V  [jvm.dll+0x7d7358]  (no source info available)
C  [ucrtbase.dll+0x21bb2]  (no source info available)
C  [KERNEL32.DLL+0x17384]  (no source info available)
C  [ntdll.dll+0x4cc91]  (no source info available)

Lock stack of current Java thread (top to bottom):


---------------  P R O C E S S  ---------------

Threads class SMR info:
_java_thread_list=0x0000021533465840, length=14, elements={
0x00000215118011a0, 0x0000021513a8d510, 0x0000021513a8e210, 0x000002152dbae1f0,
0x000002152dbaeda0, 0x000002152dbaf950, 0x000002152dbb0500, 0x000002152dbb1bf0,
0x000002152dbc5e60, 0x000002152dc4c130, 0x000002152dc95a80, 0x00000215331ca890,
0x00000215336d7ef0, 0x000002152dc8f300
}

Java Threads: ( => current thread )
  0x00000215118011a0 JavaThread "main"                              [_thread_in_native, id=9340, stack(0x00000015fa300000,0x00000015fa400000) (1024K)]
  0x0000021513a8d510 JavaThread "Reference Handler"          daemon [_thread_blocked, id=6260, stack(0x00000015fac00000,0x00000015fad00000) (1024K)]
  0x0000021513a8e210 JavaThread "Finalizer"                  daemon [_thread_blocked, id=16260, stack(0x00000015fad00000,0x00000015fae00000) (1024K)]
  0x000002152dbae1f0 JavaThread "Signal Dispatcher"          daemon [_thread_blocked, id=9696, stack(0x00000015fae00000,0x00000015faf00000) (1024K)]
  0x000002152dbaeda0 JavaThread "Attach Listener"            daemon [_thread_blocked, id=17672, stack(0x00000015faf00000,0x00000015fb000000) (1024K)]
  0x000002152dbaf950 JavaThread "Service Thread"             daemon [_thread_blocked, id=15860, stack(0x00000015fb000000,0x00000015fb100000) (1024K)]
  0x000002152dbb0500 JavaThread "Monitor Deflation Thread"   daemon [_thread_blocked, id=18316, stack(0x00000015fb100000,0x00000015fb200000) (1024K)]
=>0x000002152dbb1bf0 JavaThread "C2 CompilerThread0"         daemon [_thread_in_native, id=3300, stack(0x00000015fb200000,0x00000015fb300000) (1024K)]
  0x000002152dbc5e60 JavaThread "C1 CompilerThread0"         daemon [_thread_blocked, id=420, stack(0x00000015fb300000,0x00000015fb400000) (1024K)]
  0x000002152dc4c130 JavaThread "Notification Thread"        daemon [_thread_blocked, id=15300, stack(0x00000015fb400000,0x00000015fb500000) (1024K)]
  0x000002152dc95a80 JavaThread "Common-Cleaner"             daemon [_thread_blocked, id=17788, stack(0x00000015fb500000,0x00000015fb600000) (1024K)]
  0x00000215331ca890 JavaThread "pool-1-thread-1"                   [_thread_blocked, id=10716, stack(0x00000015fba00000,0x00000015fbb00000) (1024K)]
  0x00000215336d7ef0 JavaThread "InnocuousThread-1"          daemon [_thread_blocked, id=16616, stack(0x00000015fc100000,0x00000015fc200000) (1024K)]
  0x000002152dc8f300 JavaThread "C2 CompilerThread1"         daemon [_thread_blocked, id=12656, stack(0x00000015fa000000,0x00000015fa100000) (1024K)]
Total: 14

Other Threads:
  0x0000021513a7ed50 VMThread "VM Thread"                           [id=18220, stack(0x00000015fab00000,0x00000015fac00000) (1024K)]
  0x0000021513a6efb0 WatcherThread "VM Periodic Task Thread"        [id=15120, stack(0x00000015faa00000,0x00000015fab00000) (1024K)]
  0x00000215139e4860 WorkerThread "GC Thread#0"                     [id=1104, stack(0x00000015fa400000,0x00000015fa500000) (1024K)]
  0x00000215330dbec0 WorkerThread "GC Thread#1"                     [id=9560, stack(0x00000015fb700000,0x00000015fb800000) (1024K)]
  0x000002153322a030 WorkerThread "GC Thread#2"                     [id=9136, stack(0x00000015fb800000,0x00000015fb900000) (1024K)]
  0x000002153322a450 WorkerThread "GC Thread#3"                     [id=14088, stack(0x00000015fb900000,0x00000015fba00000) (1024K)]
  0x00000215139e84a0 ConcurrentGCThread "G1 Main Marker"            [id=18424, stack(0x00000015fa500000,0x00000015fa600000) (1024K)]
  0x00000215139e9020 WorkerThread "G1 Conc#0"                       [id=5432, stack(0x00000015fa600000,0x00000015fa700000) (1024K)]
  0x0000021513a143b0 WorkerThread "G1 Refinement Workers#0"         [id=4216, stack(0x00000015fa800000,0x00000015fa900000) (1024K)]
  0x0000021513a137f0 ConcurrentGCThread "G1 Refine Control"         [id=14748, stack(0x00000015fa700000,0x00000015fa800000) (1024K)]
  0x0000021513a14f20 ConcurrentGCThread "G1 Service"                [id=15864, stack(0x00000015fa900000,0x00000015faa00000) (1024K)]
Total: 11

Threads with active compile tasks:
C2 CompilerThread0  125943 2224       4       java.lang.AbstractStringBuilder::append (100 bytes)
Total: 1

VM state: not at safepoint (normal execution)

VM Mutex/Monitor currently owned by a thread: None

Heap address: 0x00000000fc000000, size: 64 MB, Compressed Oops mode: 32-bit

CDS archive(s) mapped at: [0x000000003b000000-0x000000003bde0000-0x000000003bde0000), size 14548992, SharedBaseAddress: 0x000000003b000000, ArchiveRelocationMode: 1.
Compressed class space mapped at: 0x000000003c000000-0x000000007c000000, reserved size: 1073741824
UseCompressedClassPointers 1, UseCompactObjectHeaders 0
Narrow klass pointer bits 32, Max shift 3
Narrow klass base: 0x000000003b000000, Narrow klass shift: 0
Encoding Range: [0x000000003b000000 - 0x000000013b000000), (4294967296 bytes)
Klass Range:    [0x000000003b000000 - 0x000000007c000000), (1090519040 bytes)
Klass ID Range:  [8 - 1090519033) (1090519025)
Protection zone: [0x000000003b000000 - 0x000000003b010000), (65536 bytes)

GC Precious Log:
 CardTable entry size: 512
 Card Set container configuration: InlinePtr #cards 5 size 8 Array Of Cards #cards 10 size 36 Howl #buckets 4 coarsen threshold 1843 Howl Bitmap #cards 512 size 80 coarsen threshold 460 Card regions per heap region 1 cards per card region 2048
 CPUs: 4 total, 4 available
 Memory: 8095M
 Large Page Support: Disabled
 NUMA Support: Disabled
 Compressed Oops: Enabled (32-bit)
 Heap Region Size: 1M
 Heap Min Capacity: 64M
 Heap Initial Capacity: 64M
 Heap Max Capacity: 64M
 Pre-touch: Disabled
 Parallel Workers: 4
 Concurrent Workers: 1
 Concurrent Refinement Workers: 4
 Periodic GC: Disabled

Heap:
 garbage-first heap   total reserved 65536K, committed 65536K, used 27549K [0x00000000fc000000, 0x0000000100000000)
  region size 1M, 14 eden (14M), 2 survivor (2M), 10 old (10M), 4 humongous (4M), 34 free (34M)

Heap Regions: E=young(eden), S=young(survivor), O=old, HS=humongous(starts), HC=humongous(continues), CS=collection set, F=free, TAMS=top-at-mark-start, PB=parsable bottom
|    0|0x00000000fc000000, 0x00000000fc100000, 0x00000000fc100000|100%|HS|  |TAMS 0x00000000fc000000| PB 0x00000000fc000000| Complete  |  0
|    1|0x00000000fc100000, 0x00000000fc200000, 0x00000000fc200000|100%|HC|  |TAMS 0x00000000fc100000| PB 0x00000000fc100000| Complete  |  0
|    2|0x00000000fc200000, 0x00000000fc300000, 0x00000000fc300000|100%|HC|  |TAMS 0x00000000fc200000| PB 0x00000000fc200000| Complete  |  0
|    3|0x00000000fc300000, 0x00000000fc400000, 0x00000000fc400000|100%|HC|  |TAMS 0x00000000fc300000| PB 0x00000000fc300000| Complete  |  0
|    4|0x00000000fc400000, 0x00000000fc500000, 0x00000000fc500000|100%| O|  |TAMS 0x00000000fc400000| PB 0x00000000fc400000| Untracked |  0
|    5|0x00000000fc500000, 0x00000000fc600000, 0x00000000fc600000|100%| O|  |TAMS 0x00000000fc500000| PB 0x00000000fc500000| Untracked |  0
|    6|0x00000000fc600000, 0x00000000fc700000, 0x00000000fc700000|100%| O|  |TAMS 0x00000000fc600000| PB 0x00000000fc600000| Untracked |  0
|    7|0x00000000fc700000, 0x00000000fc800000, 0x00000000fc800000|100%| O|  |TAMS 0x00000000fc700000| PB 0x00000000fc700000| Untracked |  0
|    8|0x00000000fc800000, 0x00000000fc900000, 0x00000000fc900000|100%| O|  |TAMS 0x00000000fc800000| PB 0x00000000fc800000| Untracked |  0
|    9|0x00000000fc900000, 0x00000000fca00000, 0x00000000fca00000|100%| O|  |TAMS 0x00000000fc900000| PB 0x00000000fc900000| Untracked |  0
|   10|0x00000000fca00000, 0x00000000fcb00000, 0x00000000fcb00000|100%| O|  |TAMS 0x00000000fca00000| PB 0x00000000fca00000| Untracked |  0
|   11|0x00000000fcb00000, 0x00000000fcb43de0, 0x00000000fcc00000| 26%| O|  |TAMS 0x00000000fcb00000| PB 0x00000000fcb00000| Untracked |  0
|   12|0x00000000fcc00000, 0x00000000fcc00000, 0x00000000fcd00000|  0%| F|  |TAMS 0x00000000fcc00000| PB 0x00000000fcc00000| Untracked |  0
|   13|0x00000000fcd00000, 0x00000000fcd00000, 0x00000000fce00000|  0%| F|  |TAMS 0x00000000fcd00000| PB 0x00000000fcd00000| Untracked |  0
|   14|0x00000000fce00000, 0x00000000fce00000, 0x00000000fcf00000|  0%| F|  |TAMS 0x00000000fce00000| PB 0x00000000fce00000| Untracked |  0
|   15|0x00000000fcf00000, 0x00000000fcf00000, 0x00000000fd000000|  0%| F|  |TAMS 0x00000000fcf00000| PB 0x00000000fcf00000| Untracked |  0
|   16|0x00000000fd000000, 0x00000000fd000000, 0x00000000fd100000|  0%| F|  |TAMS 0x00000000fd000000| PB 0x00000000fd000000| Untracked |  0
|   17|0x00000000fd100000, 0x00000000fd100000, 0x00000000fd200000|  0%| F|  |TAMS 0x00000000fd100000| PB 0x00000000fd100000| Untracked |  0
|   18|0x00000000fd200000, 0x00000000fd200000, 0x00000000fd300000|  0%| F|  |TAMS 0x00000000fd200000| PB 0x00000000fd200000| Untracked |  0
|   19|0x00000000fd300000, 0x00000000fd300000, 0x00000000fd400000|  0%| F|  |TAMS 0x00000000fd300000| PB 0x00000000fd300000| Untracked |  0
|   20|0x00000000fd400000, 0x00000000fd400000, 0x00000000fd500000|  0%| F|  |TAMS 0x00000000fd400000| PB 0x00000000fd400000| Untracked |  0
|   21|0x00000000fd500000, 0x00000000fd500000, 0x00000000fd600000|  0%| F|  |TAMS 0x00000000fd500000| PB 0x00000000fd500000| Untracked |  0
|   22|0x00000000fd600000, 0x00000000fd600000, 0x00000000fd700000|  0%| F|  |TAMS 0x00000000fd600000| PB 0x00000000fd600000| Untracked |  0
|   23|0x00000000fd700000, 0x00000000fd700000, 0x00000000fd800000|  0%| F|  |TAMS 0x00000000fd700000| PB 0x00000000fd700000| Untracked |  0
|   24|0x00000000fd800000, 0x00000000fd800000, 0x00000000fd900000|  0%| F|  |TAMS 0x00000000fd800000| PB 0x00000000fd800000| Untracked |  0
|   25|0x00000000fd900000, 0x00000000fd900000, 0x00000000fda00000|  0%| F|  |TAMS 0x00000000fd900000| PB 0x00000000fd900000| Untracked |  0
|   26|0x00000000fda00000, 0x00000000fda00000, 0x00000000fdb00000|  0%| F|  |TAMS 0x00000000fda00000| PB 0x00000000fda00000| Untracked |  0
|   27|0x00000000fdb00000, 0x00000000fdb00000, 0x00000000fdc00000|  0%| F|  |TAMS 0x00000000fdb00000| PB 0x00000000fdb00000| Untracked |  0
|   28|0x00000000fdc00000, 0x00000000fdc00000, 0x00000000fdd00000|  0%| F|  |TAMS 0x00000000fdc00000| PB 0x00000000fdc00000| Untracked |  0
|   29|0x00000000fdd00000, 0x00000000fdd00000, 0x00000000fde00000|  0%| F|  |TAMS 0x00000000fdd00000| PB 0x00000000fdd00000| Untracked |  0
|   30|0x00000000fde00000, 0x00000000fde00000, 0x00000000fdf00000|  0%| F|  |TAMS 0x00000000fde00000| PB 0x00000000fde00000| Untracked |  0
|   31|0x00000000fdf00000, 0x00000000fdf00000, 0x00000000fe000000|  0%| F|  |TAMS 0x00000000fdf00000| PB 0x00000000fdf00000| Untracked |  0
|   32|0x00000000fe000000, 0x00000000fe000000, 0x00000000fe100000|  0%| F|  |TAMS 0x00000000fe000000| PB 0x00000000fe000000| Untracked |  0
|   33|0x00000000fe100000, 0x00000000fe100000, 0x00000000fe200000|  0%| F|  |TAMS 0x00000000fe100000| PB 0x00000000fe100000| Untracked |  0
|   34|0x00000000fe200000, 0x00000000fe200000, 0x00000000fe300000|  0%| F|  |TAMS 0x00000000fe200000| PB 0x00000000fe200000| Untracked |  0
|   35|0x00000000fe300000, 0x00000000fe300000, 0x00000000fe400000|  0%| F|  |TAMS 0x00000000fe300000| PB 0x00000000fe300000| Untracked |  0
|   36|0x00000000fe400000, 0x00000000fe400000, 0x00000000fe500000|  0%| F|  |TAMS 0x00000000fe400000| PB 0x00000000fe400000| Untracked |  0
|   37|0x00000000fe500000, 0x00000000fe500000, 0x00000000fe600000|  0%| F|  |TAMS 0x00000000fe500000| PB 0x00000000fe500000| Untracked |  0
|   38|0x00000000fe600000, 0x00000000fe600000, 0x00000000fe700000|  0%| F|  |TAMS 0x00000000fe600000| PB 0x00000000fe600000| Untracked |  0
|   39|0x00000000fe700000, 0x00000000fe77ab60, 0x00000000fe800000| 47%| S|CS|TAMS 0x00000000fe700000| PB 0x00000000fe700000| Complete  |  0
|   40|0x00000000fe800000, 0x00000000fe900000, 0x00000000fe900000|100%| S|CS|TAMS 0x00000000fe800000| PB 0x00000000fe800000| Complete  |  0
|   41|0x00000000fe900000, 0x00000000fe900000, 0x00000000fea00000|  0%| F|  |TAMS 0x00000000fe900000| PB 0x00000000fe900000| Untracked |  0
|   42|0x00000000fea00000, 0x00000000fea00000, 0x00000000feb00000|  0%| F|  |TAMS 0x00000000fea00000| PB 0x00000000fea00000| Untracked |  0
|   43|0x00000000feb00000, 0x00000000feb00000, 0x00000000fec00000|  0%| F|  |TAMS 0x00000000feb00000| PB 0x00000000feb00000| Untracked |  0
|   44|0x00000000fec00000, 0x00000000fec00000, 0x00000000fed00000|  0%| F|  |TAMS 0x00000000fec00000| PB 0x00000000fec00000| Untracked |  0
|   45|0x00000000fed00000, 0x00000000fed00000, 0x00000000fee00000|  0%| F|  |TAMS 0x00000000fed00000| PB 0x00000000fed00000| Untracked |  0
|   46|0x00000000fee00000, 0x00000000fee00000, 0x00000000fef00000|  0%| F|  |TAMS 0x00000000fee00000| PB 0x00000000fee00000| Untracked |  0
|   47|0x00000000fef00000, 0x00000000fef00000, 0x00000000ff000000|  0%| F|  |TAMS 0x00000000fef00000| PB 0x00000000fef00000| Untracked |  0
|   48|0x00000000ff000000, 0x00000000ff0b0c78, 0x00000000ff100000| 69%| E|CS|TAMS 0x00000000ff000000| PB 0x00000000ff000000| Complete  |  0
|   49|0x00000000ff100000, 0x00000000ff200000, 0x00000000ff200000|100%| E|CS|TAMS 0x00000000ff100000| PB 0x00000000ff100000| Complete  |  0
|   50|0x00000000ff200000, 0x00000000ff300000, 0x00000000ff300000|100%| E|CS|TAMS 0x00000000ff200000| PB 0x00000000ff200000| Complete  |  0
|   51|0x00000000ff300000, 0x00000000ff400000, 0x00000000ff400000|100%| E|CS|TAMS 0x00000000ff300000| PB 0x00000000ff300000| Complete  |  0
|   52|0x00000000ff400000, 0x00000000ff500000, 0x00000000ff500000|100%| E|CS|TAMS 0x00000000ff400000| PB 0x00000000ff400000| Complete  |  0
|   53|0x00000000ff500000, 0x00000000ff600000, 0x00000000ff600000|100%| E|CS|TAMS 0x00000000ff500000| PB 0x00000000ff500000| Complete  |  0
|   54|0x00000000ff600000, 0x00000000ff700000, 0x00000000ff700000|100%| E|CS|TAMS 0x00000000ff600000| PB 0x00000000ff600000| Complete  |  0
|   55|0x00000000ff700000, 0x00000000ff800000, 0x00000000ff800000|100%| E|CS|TAMS 0x00000000ff700000| PB 0x00000000ff700000| Complete  |  0
|   56|0x00000000ff800000, 0x00000000ff900000, 0x00000000ff900000|100%| E|CS|TAMS 0x00000000ff800000| PB 0x00000000ff800000| Complete  |  0
|   57|0x00000000ff900000, 0x00000000ffa00000, 0x00000000ffa00000|100%| E|CS|TAMS 0x00000000ff900000| PB 0x00000000ff900000| Complete  |  0
|   58|0x00000000ffa00000, 0x00000000ffb00000, 0x00000000ffb00000|100%| E|CS|TAMS 0x00000000ffa00000| PB 0x00000000ffa00000| Complete  |  0
|   59|0x00000000ffb00000, 0x00000000ffc00000, 0x00000000ffc00000|100%| E|CS|TAMS 0x00000000ffb00000| PB 0x00000000ffb00000| Complete  |  0
|   60|0x00000000ffc00000, 0x00000000ffd00000, 0x00000000ffd00000|100%| E|CS|TAMS 0x00000000ffc00000| PB 0x00000000ffc00000| Complete  |  0
|   61|0x00000000ffd00000, 0x00000000ffe00000, 0x00000000ffe00000|100%| E|CS|TAMS 0x00000000ffd00000| PB 0x00000000ffd00000| Complete  |  0
|   62|0x00000000ffe00000, 0x00000000fff00000, 0x00000000fff00000|100%| O|  |TAMS 0x00000000ffe00000| PB 0x00000000ffe00000| Untracked |  0
|   63|0x00000000fff00000, 0x00000000fff28d80, 0x0000000100000000| 15%| O|  |TAMS 0x00000000fff00000| PB 0x00000000fff00000| Untracked |  0

Card table byte_map: [0x00000215137e0000,0x0000021513800000] _byte_map_base: 0x0000021513000000
Refinement table byte_map: [0x0000021513800000,0x0000021513820000] _byte_map_base: 0x0000021513020000

Marking Bits: (CMBitMap*) 0x00000215139e4fe0
 Bits: [0x0000021513820000, 0x0000021513920000)

Polling page: 0x00000215117c0000

Metaspace:
Metaspace        used 13239K, committed 13632K, reserved 1114112K
 class space     used 1797K, committed 1984K, reserved 1048576K

Usage:
  Non-class:     11.17 MB used.
      Class:      1.76 MB used.
       Both:     12.93 MB used.

Virtual space:
  Non-class space:       64.00 MB reserved,      11.38 MB ( 18%) committed,  1 nodes.
      Class space:        1.00 GB reserved,       1.94 MB ( <1%) committed,  1 nodes.
             Both:        1.06 GB reserved,      13.31 MB (  1%) committed. 

Chunk freelists:
   Non-Class:  4.26 MB
       Class:  14.04 MB
        Both:  18.30 MB

MaxMetaspaceSize: unlimited
CompressedClassSpaceSize: 1.00 GB
Initial GC threshold: 21.00 MB
Current GC threshold: 21.00 MB
CDS: on
 - commit_granule_bytes: 65536.
 - commit_granule_words: 8192.
 - virtual_space_node_default_size: 8388608.
 - enlarge_chunks_in_place: 1.
UseCompressedClassPointers 1, UseCompactObjectHeaders 0
Narrow klass pointer bits 32, Max shift 3
Narrow klass base: 0x000000003b000000, Narrow klass shift: 0
Encoding Range: [0x000000003b000000 - 0x000000013b000000), (4294967296 bytes)
Klass Range:    [0x000000003b000000 - 0x000000007c000000), (1090519040 bytes)
Klass ID Range:  [8 - 1090519033) (1090519025)
Protection zone: [0x000000003b000000 - 0x000000003b010000), (65536 bytes)


Internal statistics:

num_allocs_failed_limit: 0.
num_arena_births: 382.
num_arena_deaths: 0.
num_vsnodes_births: 2.
num_vsnodes_deaths: 0.
num_space_committed: 213.
num_space_uncommitted: 0.
num_chunks_returned_to_freelist: 0.
num_chunks_taken_from_freelist: 778.
num_chunk_merges: 0.
num_chunk_splits: 526.
num_chunks_enlarged: 392.
num_inconsistent_stats: 0.

CodeHeap 'non-profiled nmethods': size=120064Kb used=718Kb max_used=718Kb free=119345Kb
 bounds [0x0000021524150000, 0x00000215243c0000, 0x000002152b690000]
CodeHeap 'profiled nmethods': size=120064Kb used=3341Kb max_used=3341Kb free=116722Kb
 bounds [0x000002151c670000, 0x000002151c9c0000, 0x0000021523bb0000]
CodeHeap 'non-nmethods': size=5760Kb used=1443Kb max_used=1460Kb free=4316Kb
 bounds [0x0000021523bb0000, 0x0000021523e20000, 0x0000021524150000]
CodeCache: size=245888Kb, used=5502Kb, max_used=5519Kb, free=240383Kb
 total_blobs=2843, nmethods=2285, adapters=461, full_count=0
Compilation: enabled, stopped_count=0, restarted_count=0

Compilation events (20 events):
Event: 125.232 Thread 0x000002152dbc5e60 2227       3       java.io.ObjectInputStream$HandleTable::finish (111 bytes)
Event: 125.233 Thread 0x000002152dbc5e60 nmethod 2227 0x000002151c99f108 code [0x000002151c99f200, 0x000002151c99f760]
Event: 125.233 Thread 0x000002152dbc5e60 2231       3       org.gradle.internal.serialize.ExceptionReplacingObjectInputStream::resolveObject (11 bytes)
Event: 125.233 Thread 0x000002152dbc5e60 nmethod 2231 0x000002151c99f788 code [0x000002151c99f880, 0x000002151c99fa58]
Event: 125.233 Thread 0x000002152dbc5e60 2230       3       java.io.ObjectInputStream::checkResolve (86 bytes)
Event: 125.234 Thread 0x000002152dbc5e60 nmethod 2230 0x000002151c99fa88 code [0x000002151c99fb80, 0x000002151c9a0590]
Event: 125.234 Thread 0x000002152dbc5e60 2234       3       java.io.ObjectStreamClass$FieldReflector::setObjFieldValues (262 bytes)
Event: 125.237 Thread 0x000002152dbc5e60 nmethod 2234 0x000002151c9a0608 code [0x000002151c9a0700, 0x000002151c9a2738]
Event: 125.237 Thread 0x000002152dbc5e60 2232       3       java.lang.invoke.VarHandleByteArrayAsShorts$ArrayHandle::get (35 bytes)
Event: 125.238 Thread 0x000002152dbc5e60 nmethod 2232 0x000002151c9a2788 code [0x000002151c9a2880, 0x000002151c9a2c78]
Event: 125.238 Thread 0x000002152dbc5e60 2233       3       java.lang.invoke.VarHandleByteArrayAsShorts$ArrayHandle::index (12 bytes)
Event: 125.238 Thread 0x000002152dbc5e60 nmethod 2233 0x000002151c9a2d08 code [0x000002151c9a2e00, 0x000002151c9a2f30]
Event: 125.238 Thread 0x000002152dbc5e60 2235       3       java.io.ObjectInputStream$BlockDataInputStream::readUTF (10 bytes)
Event: 125.238 Thread 0x000002152dbc5e60 nmethod 2235 0x000002151c9a3008 code [0x000002151c9a3100, 0x000002151c9a3298]
Event: 125.238 Thread 0x000002152dbc5e60 2229       3       java.io.ObjectStreamClass::forClass (18 bytes)
Event: 125.238 Thread 0x000002152dbc5e60 nmethod 2229 0x000002151c9a3308 code [0x000002151c9a3400, 0x000002151c9a36c0]
Event: 125.238 Thread 0x000002152dbc5e60 2228       3       java.io.ObjectInputStream$BlockDataInputStream::read (138 bytes)
Event: 125.239 Thread 0x000002152dbc5e60 nmethod 2228 0x000002151c9a3708 code [0x000002151c9a3800, 0x000002151c9a3ed0]
Event: 125.240 Thread 0x000002152dbc5e60 2236       3       java.io.ObjectInputStream::readClassDesc (121 bytes)
Event: 125.242 Thread 0x000002152dbc5e60 nmethod 2236 0x000002151c9a3f08 code [0x000002151c9a4000, 0x000002151c9a5618]

GC Heap Usage History (4 events):
Event: 1.572 {heap Before GC invocations=0 (full 0):
 garbage-first heap   total reserved 65536K, committed 65536K, used 32931K [0x00000000fc000000, 0x0000000100000000)
  region size 1M, 28 eden (28M), 0 survivor (0M), 2 old (2M), 4 humongous (4M), 30 free (30M)
}
Event: 1.582 {heap After GC invocations=1 (full 0):
 garbage-first heap   total reserved 65536K, committed 65536K, used 12312K [0x00000000fc000000, 0x0000000100000000)
  region size 1M, 0 eden (0M), 4 survivor (4M), 5 old (5M), 4 humongous (4M), 51 free (51M)
}
Event: 2.498 {heap Before GC invocations=1 (full 0):
 garbage-first heap   total reserved 65536K, committed 65536K, used 33816K [0x00000000fc000000, 0x0000000100000000)
  region size 1M, 21 eden (21M), 4 survivor (4M), 5 old (5M), 4 humongous (4M), 30 free (30M)
}
Event: 2.507 {heap After GC invocations=2 (full 0):
 garbage-first heap   total reserved 65536K, committed 65536K, used 14237K [0x00000000fc000000, 0x0000000100000000)
  region size 1M, 0 eden (0M), 2 survivor (2M), 10 old (10M), 4 humongous (4M), 48 free (48M)
}

Metaspace Usage History (4 events):
Event: 1.572 {metaspace Before GC invocations=0 (full 0):
 Metaspace       used 4524K, committed 4672K, reserved 1114112K
  class space    used 572K, committed 640K, reserved 1048576K
}
Event: 1.582 {metaspace After GC invocations=1 (full 0):
 Metaspace       used 4524K, committed 4672K, reserved 1114112K
  class space    used 572K, committed 640K, reserved 1048576K
}
Event: 2.498 {metaspace Before GC invocations=1 (full 0):
 Metaspace       used 9613K, committed 9920K, reserved 1114112K
  class space    used 1339K, committed 1472K, reserved 1048576K
}
Event: 2.507 {metaspace After GC invocations=2 (full 0):
 Metaspace       used 9613K, committed 9920K, reserved 1114112K
  class space    used 1339K, committed 1472K, reserved 1048576K
}

Dll operation events (20 events):
Event: 0.072 Attempting to load shared library C:\Program Files\Java\jdk-26.0.1\bin\nio.dll
Event: 0.074 Loaded shared library C:\Program Files\Java\jdk-26.0.1\bin\nio.dll
Event: 0.079 Attempting to load shared library C:\Program Files\Java\jdk-26.0.1\bin\zip.dll
Event: 0.080 Loaded shared library C:\Program Files\Java\jdk-26.0.1\bin\zip.dll
Event: 0.643 Attempting to load shared library C:\Program Files\Java\jdk-26.0.1\bin\jimage.dll
Event: 0.643 Loaded shared library C:\Program Files\Java\jdk-26.0.1\bin\jimage.dll
Event: 1.485 Attempting to load shared library C:\Program Files\Java\jdk-26.0.1\bin\management.dll
Event: 1.487 Loaded shared library C:\Program Files\Java\jdk-26.0.1\bin\management.dll
Event: 1.491 Attempting to load shared library C:\Program Files\Java\jdk-26.0.1\bin\management_ext.dll
Event: 1.494 Loaded shared library C:\Program Files\Java\jdk-26.0.1\bin\management_ext.dll
Event: 1.587 Attempting to load shared library C:\Users\Nadeem\.gradle\native\660c5614fbf4a5f2a75b1949f50a0caf5cd603558e7d8a26e50b933a0cfb79d1\windows-amd64\native-platform.dll
Event: 1.589 Loaded shared library C:\Users\Nadeem\.gradle\native\660c5614fbf4a5f2a75b1949f50a0caf5cd603558e7d8a26e50b933a0cfb79d1\windows-amd64\native-platform.dll
Event: 1.642 Attempting to load shared library C:\Users\Nadeem\.gradle\native\jansi\2.4.2\Windows\x86_64\jansi.dll
Event: 1.644 Loaded shared library C:\Users\Nadeem\.gradle\native\jansi\2.4.2\Windows\x86_64\jansi.dll
Event: 1.764 Attempting to load shared library C:\Program Files\Java\jdk-26.0.1\bin\verify.dll
Event: 1.766 Loaded shared library C:\Program Files\Java\jdk-26.0.1\bin\verify.dll
Event: 2.054 Attempting to load shared library C:\Program Files\Java\jdk-26.0.1\bin\extnet.dll
Event: 2.056 Loaded shared library C:\Program Files\Java\jdk-26.0.1\bin\extnet.dll
Event: 6.823 Attempting to load shared library C:\Program Files\Java\jdk-26.0.1\bin\sunmscapi.dll
Event: 6.826 Loaded shared library C:\Program Files\Java\jdk-26.0.1\bin\sunmscapi.dll

Deoptimization events (20 events):
Event: 3.228 Thread 0x00000215336d4070 Uncommon trap: trap_request=0xffffff45 fr.pc=0x00000215241827d4 relative=0x00000000000000d4
Event: 3.228 Thread 0x00000215336d4070 Uncommon trap: reason=unstable_if action=reinterpret pc=0x00000215241827d4 method=java.lang.String.getBytes([BIB)V @ 5 c2
Event: 3.228 Thread 0x00000215336d4070 DEOPT PACKING pc=0x00000215241827d4 sp=0x00000015fb6fed10
Event: 3.228 Thread 0x00000215336d4070 DEOPT UNPACKING pc=0x0000021523cd3582 sp=0x00000015fb6fecd8 mode 2
Event: 6.657 Thread 0x00000215336d4070 Uncommon trap: trap_request=0xffffff6e fr.pc=0x00000215241e8120 relative=0x0000000000001620
Event: 6.657 Thread 0x00000215336d4070 Uncommon trap: reason=predicate action=maybe_recompile pc=0x00000215241e8120 method=java.util.regex.Pattern.compile()V @ 78 c2
Event: 6.657 Thread 0x00000215336d4070 DEOPT PACKING pc=0x00000215241e8120 sp=0x00000015fb6fedd0
Event: 6.657 Thread 0x00000215336d4070 DEOPT UNPACKING pc=0x0000021523cd3582 sp=0x00000015fb6fed90 mode 2
Event: 6.657 Thread 0x00000215336d4070 Uncommon trap: trap_request=0xffffff45 fr.pc=0x000002152415fbb0 relative=0x00000000000000b0
Event: 6.657 Thread 0x00000215336d4070 Uncommon trap: reason=unstable_if action=reinterpret pc=0x000002152415fbb0 method=java.lang.String.codePointAt(I)I @ 4 c2
Event: 6.657 Thread 0x00000215336d4070 DEOPT PACKING pc=0x000002152415fbb0 sp=0x00000015fb6fed90
Event: 6.657 Thread 0x00000215336d4070 DEOPT UNPACKING pc=0x0000021523cd3582 sp=0x00000015fb6fed28 mode 2
Event: 6.745 Thread 0x00000215118011a0 Uncommon trap: trap_request=0xffffffc6 fr.pc=0x00000215241e5410 relative=0x0000000000000310
Event: 6.745 Thread 0x00000215118011a0 Uncommon trap: reason=bimorphic_or_optimized_type_check action=maybe_recompile pc=0x00000215241e5410 method=java.util.HashMap.getNode(Ljava/lang/Object;)Ljava/util/HashMap$Node; @ 128 c2
Event: 6.745 Thread 0x00000215118011a0 DEOPT PACKING pc=0x00000215241e5410 sp=0x00000015fa3fc0d0
Event: 6.745 Thread 0x00000215118011a0 DEOPT UNPACKING pc=0x0000021523cd3582 sp=0x00000015fa3fc038 mode 2
Event: 6.746 Thread 0x00000215118011a0 Uncommon trap: trap_request=0xffffffc6 fr.pc=0x00000215241e5410 relative=0x0000000000000310
Event: 6.746 Thread 0x00000215118011a0 Uncommon trap: reason=bimorphic_or_optimized_type_check action=maybe_recompile pc=0x00000215241e5410 method=java.util.HashMap.getNode(Ljava/lang/Object;)Ljava/util/HashMap$Node; @ 128 c2
Event: 6.746 Thread 0x00000215118011a0 DEOPT PACKING pc=0x00000215241e5410 sp=0x00000015fa3fc0d0
Event: 6.746 Thread 0x00000215118011a0 DEOPT UNPACKING pc=0x0000021523cd3582 sp=0x00000015fa3fc038 mode 2

Classes loaded (20 events):
Event: 125.156 Loading class java/io/ObjectStreamClass$FieldReflector
Event: 125.158 Loading class java/io/ObjectStreamClass$FieldReflector done
Event: 125.159 Loading class jdk/internal/event/SerializationMisdeclarationEvent
Event: 125.160 Loading class jdk/internal/event/SerializationMisdeclarationEvent done
Event: 125.161 Loading class java/io/ObjectStreamClass$ClassDataSlot
Event: 125.163 Loading class java/io/ObjectStreamClass$ClassDataSlot done
Event: 125.163 Loading class java/io/ObjectInputStream$FieldValues
Event: 125.164 Loading class java/io/ObjectInputStream$GetField
Event: 125.164 Loading class java/io/ObjectInputStream$GetField done
Event: 125.164 Loading class java/io/ObjectInputStream$FieldValues done
Event: 125.170 Loading class java/io/ObjectStreamClass$ExceptionInfo
Event: 125.170 Loading class java/io/ObjectStreamClass$ExceptionInfo done
Event: 125.174 Loading class java/io/SerialCallbackContext
Event: 125.175 Loading class java/io/SerialCallbackContext done
Event: 125.209 Loading class java/lang/Throwable$PrintStreamOrWriter
Event: 125.210 Loading class java/lang/Throwable$PrintStreamOrWriter done
Event: 125.227 Loading class java/rmi/UnmarshalException
Event: 125.229 Loading class java/rmi/RemoteException
Event: 125.229 Loading class java/rmi/RemoteException done
Event: 125.229 Loading class java/rmi/UnmarshalException done

Classes unloaded (0 events):
No events

Classes redefined (0 events):
No events

Internal exceptions (20 events):
Event: 2.398 Thread 0x00000215118011a0 Exception <a 'java/lang/NoSuchMethodError'{0x00000000feb9af10}: 'java.lang.Object java.lang.invoke.DirectMethodHandle$Holder.invokeStatic(java.lang.Object, java.lang.Object, java.lang.Object, java.lang.Object, java.lang.Object, java.lang.Object, java.lang.Object, java.lang.Object, java.lang.Object, java.lang.Object, java.lang.Object, java.lang.Object, java.lang.Object, java.lang.Object, java.lang.Object, java.lang.Object, java.lang.Object, java.lang.Object, java.lang.Object, java.lang.Object, java.lang.Obj
Event: 2.431 Thread 0x00000215118011a0 Exception <a 'java/lang/NoSuchMethodError'{0x00000000fea3dd48}: 'long java.lang.invoke.DirectMethodHandle$Holder.invokeInterface(java.lang.Object, java.lang.Object)'> (0x00000000fea3dd48) 
thrown [s\open\src\hotspot\share\interpreter\linkResolver.cpp, line 804]
Event: 2.479 Thread 0x00000215118011a0 Exception <a 'java/lang/NoSuchMethodError'{0x00000000fe978f08}: 'java.lang.Object java.lang.invoke.DirectMethodHandle$Holder.invokeSpecialIFC(java.lang.Object, java.lang.Object, java.lang.Object, java.lang.Object)'> (0x00000000fe978f08) 
thrown [s\open\src\hotspot\share\interpreter\linkResolver.cpp, line 804]
Event: 2.524 Thread 0x00000215118011a0 Exception <a 'java/lang/NoSuchMethodError'{0x00000000ffd68378}: 'int java.lang.invoke.DirectMethodHandle$Holder.invokeVirtual(java.lang.Object, java.lang.Object, java.lang.Object)'> (0x00000000ffd68378) 
thrown [s\open\src\hotspot\share\interpreter\linkResolver.cpp, line 804]
Event: 2.530 Thread 0x00000215118011a0 Exception <a 'java/lang/NoSuchMethodError'{0x00000000ffdbd628}: 'java.lang.Object java.lang.invoke.DirectMethodHandle$Holder.newInvokeSpecial(java.lang.Object, java.lang.Object, java.lang.Object, java.lang.Object, int)'> (0x00000000ffdbd628) 
thrown [s\open\src\hotspot\share\interpreter\linkResolver.cpp, line 804]
Event: 2.530 Thread 0x00000215118011a0 Exception <a 'java/lang/NoSuchMethodError'{0x00000000ffdc6140}: 'java.lang.Object java.lang.invoke.DirectMethodHandle$Holder.invokeSpecial(java.lang.Object, java.lang.Object, java.lang.Object, java.lang.Object, java.lang.Object, int)'> (0x00000000ffdc6140) 
thrown [s\open\src\hotspot\share\interpreter\linkResolver.cpp, line 804]
Event: 2.531 Thread 0x00000215118011a0 Exception <a 'java/lang/NoSuchMethodError'{0x00000000ffdce2b0}: 'java.lang.Object java.lang.invoke.Invokers$Holder.linkToTargetMethod(java.lang.Object, java.lang.Object, java.lang.Object, int, java.lang.Object)'> (0x00000000ffdce2b0) 
thrown [s\open\src\hotspot\share\interpreter\linkResolver.cpp, line 804]
Event: 2.536 Thread 0x00000215118011a0 Exception <a 'java/lang/IncompatibleClassChangeError'{0x00000000ffdf6ae0}: Found class java.lang.Object, but interface was expected> (0x00000000ffdf6ae0) 
thrown [s\open\src\hotspot\share\interpreter\linkResolver.cpp, line 871]
Event: 2.540 Thread 0x00000215118011a0 Exception <a 'java/lang/NoSuchMethodError'{0x00000000ffc290f8}: 'int java.lang.invoke.DirectMethodHandle$Holder.invokeStatic(java.lang.Object, java.lang.Object, java.lang.Object, java.lang.Object)'> (0x00000000ffc290f8) 
thrown [s\open\src\hotspot\share\interpreter\linkResolver.cpp, line 804]
Event: 2.750 Thread 0x00000215334daea0 Exception <a 'java/lang/NoSuchMethodError'{0x00000000ff8df750}: 'void java.lang.invoke.DirectMethodHandle$Holder.invokeStatic(java.lang.Object, long)'> (0x00000000ff8df750) 
thrown [s\open\src\hotspot\share\interpreter\linkResolver.cpp, line 804]
Event: 2.751 Thread 0x00000215334daea0 Exception <a 'java/lang/NoSuchMethodError'{0x00000000ff8ee428}: 'java.lang.Object java.lang.invoke.DirectMethodHandle$Holder.newInvokeSpecial(java.lang.Object, long)'> (0x00000000ff8ee428) 
thrown [s\open\src\hotspot\share\interpreter\linkResolver.cpp, line 804]
Event: 2.758 Thread 0x00000215334daea0 Exception <a 'java/lang/NoSuchMethodError'{0x00000000ff8f7f18}: 'java.lang.Object java.lang.invoke.DirectMethodHandle$Holder.invokeStatic(java.lang.Object, long, java.lang.Object)'> (0x00000000ff8f7f18) 
thrown [s\open\src\hotspot\share\interpreter\linkResolver.cpp, line 804]
Event: 2.759 Thread 0x00000215334daea0 Exception <a 'java/lang/NoSuchMethodError'{0x00000000ff7002b8}: 'java.lang.Object java.lang.invoke.DirectMethodHandle$Holder.invokeStaticInit(java.lang.Object, long, java.lang.Object)'> (0x00000000ff7002b8) 
thrown [s\open\src\hotspot\share\interpreter\linkResolver.cpp, line 804]
Event: 3.049 Thread 0x00000215334daea0 Exception <a 'java/lang/NoSuchMethodError'{0x00000000ff71b300}: 'void java.lang.invoke.DirectMethodHandle$Holder.invokeSpecial(java.lang.Object, java.lang.Object, int)'> (0x00000000ff71b300) 
thrown [s\open\src\hotspot\share\interpreter\linkResolver.cpp, line 804]
Event: 3.050 Thread 0x00000215334daea0 Exception <a 'java/lang/NoSuchMethodError'{0x00000000ff72a340}: 'java.lang.Object java.lang.invoke.DirectMethodHandle$Holder.newInvokeSpecial(java.lang.Object, java.lang.Object, int)'> (0x00000000ff72a340) 
thrown [s\open\src\hotspot\share\interpreter\linkResolver.cpp, line 804]
Event: 3.056 Thread 0x000002153337cd40 Exception <a 'java/lang/NoSuchMethodError'{0x00000000ff7ce420}: 'void java.lang.invoke.DirectMethodHandle$Holder.invokeStaticInit(java.lang.Object, java.lang.Object)'> (0x00000000ff7ce420) 
thrown [s\open\src\hotspot\share\interpreter\linkResolver.cpp, line 804]
Event: 3.062 Thread 0x000002153337cd40 Exception <a 'java/lang/NoSuchMethodError'{0x00000000ff60a530}: 'java.lang.Object java.lang.invoke.DirectMethodHandle$Holder.newInvokeSpecial(java.lang.Object, int, java.lang.Object)'> (0x00000000ff60a530) 
thrown [s\open\src\hotspot\share\interpreter\linkResolver.cpp, line 804]
Event: 3.090 Thread 0x00000215118011a0 Implicit null exception at 0x00000215241ad338 to 0x00000215241adb24
Event: 125.121 Thread 0x00000215118011a0 Exception <a 'java/lang/NoSuchMethodError'{0x00000000ff112e30}: 'long java.lang.invoke.DirectMethodHandle$Holder.invokeSpecial(java.lang.Object, java.lang.Object)'> (0x00000000ff112e30) 
thrown [s\open\src\hotspot\share\interpreter\linkResolver.cpp, line 804]
Event: 125.132 Thread 0x00000215118011a0 Exception <a 'java/lang/NoSuchMethodError'{0x00000000ff11afd0}: 'long java.lang.invoke.Invokers$Holder.invokeExact_MT(java.lang.Object, java.lang.Object)'> (0x00000000ff11afd0) 
thrown [s\open\src\hotspot\share\interpreter\linkResolver.cpp, line 804]

VM Operations (20 events):
Event: 1.453 Executing non-safepoint VM operation: HandshakeAllThreads (Deoptimize)
Event: 1.453 Executing non-safepoint VM operation: HandshakeAllThreads (Deoptimize) done
Event: 1.572 Executing safepoint VM operation: G1CollectForAllocation (G1 Evacuation Pause)
Event: 1.582 Executing safepoint VM operation: G1CollectForAllocation (G1 Evacuation Pause) done
Event: 1.608 Executing non-safepoint VM operation: HandshakeAllThreads (Deoptimize)
Event: 1.609 Executing non-safepoint VM operation: HandshakeAllThreads (Deoptimize) done
Event: 1.638 Executing non-safepoint VM operation: HandshakeAllThreads (Deoptimize)
Event: 1.638 Executing non-safepoint VM operation: HandshakeAllThreads (Deoptimize) done
Event: 2.498 Executing safepoint VM operation: G1CollectForAllocation (G1 Evacuation Pause)
Event: 2.507 Executing safepoint VM operation: G1CollectForAllocation (G1 Evacuation Pause) done
Event: 3.120 Executing non-safepoint VM operation: HandshakeAllThreads (Deoptimize)
Event: 3.121 Executing non-safepoint VM operation: HandshakeAllThreads (Deoptimize) done
Event: 3.225 Executing non-safepoint VM operation: HandshakeAllThreads (Deoptimize)
Event: 3.225 Executing non-safepoint VM operation: HandshakeAllThreads (Deoptimize) done
Event: 6.742 Executing non-safepoint VM operation: HandshakeAllThreads (Deoptimize)
Event: 6.742 Executing non-safepoint VM operation: HandshakeAllThreads (Deoptimize) done
Event: 60.244 Executing non-safepoint VM operation: HandshakeAllThreads (DeflationHandshakeClosure)
Event: 60.244 Executing non-safepoint VM operation: HandshakeAllThreads (DeflationHandshakeClosure) done
Event: 60.244 Executing non-safepoint VM operation: RendezvousGCThreads
Event: 60.244 Executing non-safepoint VM operation: RendezvousGCThreads done

Memory protections (0 events):
No events

Nmethod flushes (0 events):
No events

Events (20 events):
Event: 2.543 Thread 0x000002153337cd40 Thread added: 0x00000215334df680
Event: 2.719 Thread 0x000002153337cd40 Thread added: 0x00000215334daea0
Event: 2.776 Thread 0x00000215334daea0 Thread added: 0x00000215334b1990
Event: 2.776 Thread 0x00000215334daea0 Thread added: 0x00000215334b2140
Event: 2.905 Thread 0x0000021532e47430 Thread exited: 0x0000021532e47430
Event: 3.104 Thread 0x00000215118011a0 Thread added: 0x00000215336d4070
Event: 3.119 Thread 0x00000215336d4070 Thread added: 0x00000215336d7720
Event: 3.120 Thread 0x00000215336d4070 Thread added: 0x00000215336d5010
Event: 3.120 Thread 0x00000215336d7720 Thread exited: 0x00000215336d7720
Event: 6.661 Thread 0x00000215336d4070 Thread exited: 0x00000215336d4070
Event: 6.661 Thread 0x00000215336d5010 Thread exited: 0x00000215336d5010
Event: 6.716 Thread 0x00000215118011a0 Thread added: 0x00000215336d7ef0
Event: 6.770 Thread 0x000002152dbb1bf0 Thread added: 0x000002153205d5f0
Event: 7.011 Thread 0x000002153205d5f0 Thread exited: 0x000002153205d5f0
Event: 63.038 Thread 0x00000215334b1990 Thread exited: 0x00000215334b1990
Event: 63.039 Thread 0x00000215334b2140 Thread exited: 0x00000215334b2140
Event: 63.055 Thread 0x00000215334daea0 Thread exited: 0x00000215334daea0
Event: 63.084 Thread 0x000002153337cd40 Thread exited: 0x000002153337cd40
Event: 63.105 Thread 0x00000215334df680 Thread exited: 0x00000215334df680
Event: 63.127 Thread 0x00000215333abfd0 Thread exited: 0x00000215333abfd0


Dynamic libraries:
0x00007ff6eb090000 - 0x00007ff6eb0a0000 	C:\Program Files\Java\jdk-26.0.1\bin\java.exe
0x00007ffa4b710000 - 0x00007ffa4b909000 	C:\WINDOWS\SYSTEM32\ntdll.dll
0x00007ffa4a4b0000 - 0x00007ffa4a572000 	C:\WINDOWS\System32\KERNEL32.DLL
0x00007ffa49360000 - 0x00007ffa49657000 	C:\WINDOWS\System32\KERNELBASE.dll
0x00007ffa48de0000 - 0x00007ffa48ee0000 	C:\WINDOWS\System32\ucrtbase.dll
0x00007ffa2d270000 - 0x00007ffa2d287000 	C:\Program Files\Java\jdk-26.0.1\bin\jli.dll
0x00007ffa2d250000 - 0x00007ffa2d26e000 	C:\Program Files\Java\jdk-26.0.1\bin\VCRUNTIME140.dll
0x00007ffa4a580000 - 0x00007ffa4a71d000 	C:\WINDOWS\System32\USER32.dll
0x00007ffa48f10000 - 0x00007ffa48f32000 	C:\WINDOWS\System32\win32u.dll
0x00007ffa37150000 - 0x00007ffa373eb000 	C:\WINDOWS\WinSxS\amd64_microsoft.windows.common-controls_6595b64144ccf1df_6.0.19041.7663_none_60b9ed0b71f50c93\COMCTL32.dll
0x00007ffa4a7d0000 - 0x00007ffa4a7fb000 	C:\WINDOWS\System32\GDI32.dll
0x00007ffa4ac10000 - 0x00007ffa4acae000 	C:\WINDOWS\System32\msvcrt.dll
0x00007ffa49140000 - 0x00007ffa4925a000 	C:\WINDOWS\System32\gdi32full.dll
0x00007ffa48f40000 - 0x00007ffa48fdd000 	C:\WINDOWS\System32\msvcp_win.dll
0x00007ffa4acb0000 - 0x00007ffa4acdf000 	C:\WINDOWS\System32\IMM32.DLL
0x00007ffa368c0000 - 0x00007ffa368cc000 	C:\Program Files\Java\jdk-26.0.1\bin\vcruntime140_1.dll
0x00007ffa1bbd0000 - 0x00007ffa1bc5d000 	C:\Program Files\Java\jdk-26.0.1\bin\msvcp140.dll
0x00007ff9d8c40000 - 0x00007ff9d9b0e000 	C:\Program Files\Java\jdk-26.0.1\bin\server\jvm.dll
0x00007ffa4b440000 - 0x00007ffa4b4f2000 	C:\WINDOWS\System32\ADVAPI32.dll
0x00007ffa4ab70000 - 0x00007ffa4ac10000 	C:\WINDOWS\System32\sechost.dll
0x00007ffa4a810000 - 0x00007ffa4a936000 	C:\WINDOWS\System32\RPCRT4.dll
0x00007ffa48ee0000 - 0x00007ffa48f07000 	C:\WINDOWS\System32\bcrypt.dll
0x00007ffa4a940000 - 0x00007ffa4a9b3000 	C:\WINDOWS\System32\WS2_32.dll
0x00007ffa48260000 - 0x00007ffa482ab000 	C:\WINDOWS\SYSTEM32\POWRPROF.dll
0x00007ffa3b0a0000 - 0x00007ffa3b0c7000 	C:\WINDOWS\SYSTEM32\WINMM.dll
0x00007ffa3b650000 - 0x00007ffa3b65a000 	C:\WINDOWS\SYSTEM32\VERSION.dll
0x00007ffa48120000 - 0x00007ffa48132000 	C:\WINDOWS\SYSTEM32\UMPDC.dll
0x00007ffa46bb0000 - 0x00007ffa46bc2000 	C:\WINDOWS\SYSTEM32\kernel.appcore.dll
0x00007ffa36720000 - 0x00007ffa3672a000 	C:\Program Files\Java\jdk-26.0.1\bin\jimage.dll
0x00007ffa3f560000 - 0x00007ffa3f76b000 	C:\WINDOWS\SYSTEM32\DBGHELP.DLL
0x00007ffa3f4e0000 - 0x00007ffa3f515000 	C:\WINDOWS\SYSTEM32\dbgcore.DLL
0x00007ffa49660000 - 0x00007ffa496e2000 	C:\WINDOWS\System32\bcryptPrimitives.dll
0x00007ffa2c1e0000 - 0x00007ffa2c1ff000 	C:\Program Files\Java\jdk-26.0.1\bin\java.dll
0x00007ffa4a380000 - 0x00007ffa4a4ac000 	C:\WINDOWS\System32\ole32.dll
0x00007ffa4a020000 - 0x00007ffa4a374000 	C:\WINDOWS\System32\combase.dll
0x00007ffa498a0000 - 0x00007ffa4a011000 	C:\WINDOWS\System32\SHELL32.dll
0x00007ffa46dc0000 - 0x00007ffa4756c000 	C:\WINDOWS\SYSTEM32\windows.storage.dll
0x00007ffa48780000 - 0x00007ffa487ab000 	C:\WINDOWS\SYSTEM32\Wldp.dll
0x00007ffa4a720000 - 0x00007ffa4a7cd000 	C:\WINDOWS\System32\SHCORE.dll
0x00007ffa49830000 - 0x00007ffa4988b000 	C:\WINDOWS\System32\shlwapi.dll
0x00007ffa48c90000 - 0x00007ffa48cb5000 	C:\WINDOWS\SYSTEM32\profapi.dll
0x00007ffa2c180000 - 0x00007ffa2c192000 	C:\Program Files\Java\jdk-26.0.1\bin\net.dll
0x00007ffa484b0000 - 0x00007ffa4851a000 	C:\WINDOWS\system32\mswsock.dll
0x00007ffa2c160000 - 0x00007ffa2c176000 	C:\Program Files\Java\jdk-26.0.1\bin\nio.dll
0x00007ffa29f10000 - 0x00007ffa29f27000 	C:\Program Files\Java\jdk-26.0.1\bin\zip.dll
0x00007ffa358f0000 - 0x00007ffa358fa000 	C:\Program Files\Java\jdk-26.0.1\bin\management.dll
0x00007ffa31e70000 - 0x00007ffa31e7c000 	C:\Program Files\Java\jdk-26.0.1\bin\management_ext.dll
0x00007ffa4b6a0000 - 0x00007ffa4b6a8000 	C:\WINDOWS\System32\PSAPI.DLL
0x00007ffa279e0000 - 0x00007ffa27a07000 	C:\Users\Nadeem\.gradle\native\660c5614fbf4a5f2a75b1949f50a0caf5cd603558e7d8a26e50b933a0cfb79d1\windows-amd64\native-platform.dll
0x00007ffa29940000 - 0x00007ffa29964000 	C:\Users\Nadeem\.gradle\native\jansi\2.4.2\Windows\x86_64\jansi.dll
0x00007ffa318f0000 - 0x00007ffa31900000 	C:\Program Files\Java\jdk-26.0.1\bin\verify.dll
0x00007ffa486e0000 - 0x00007ffa486f8000 	C:\WINDOWS\SYSTEM32\CRYPTSP.dll
0x00007ffa47d60000 - 0x00007ffa47d98000 	C:\WINDOWS\system32\rsaenh.dll
0x00007ffa48c40000 - 0x00007ffa48c6e000 	C:\WINDOWS\SYSTEM32\USERENV.dll
0x00007ffa486d0000 - 0x00007ffa486dc000 	C:\WINDOWS\SYSTEM32\CRYPTBASE.dll
0x00007ffa48140000 - 0x00007ffa4817b000 	C:\WINDOWS\SYSTEM32\IPHLPAPI.DLL
0x00007ffa49890000 - 0x00007ffa49898000 	C:\WINDOWS\System32\NSI.dll
0x00007ffa31600000 - 0x00007ffa31609000 	C:\Program Files\Java\jdk-26.0.1\bin\extnet.dll
0x00007ffa2c0f0000 - 0x00007ffa2c0fe000 	C:\Program Files\Java\jdk-26.0.1\bin\sunmscapi.dll
0x00007ffa48fe0000 - 0x00007ffa4913d000 	C:\WINDOWS\System32\CRYPT32.dll
0x00007ffa487f0000 - 0x00007ffa48817000 	C:\WINDOWS\SYSTEM32\ncrypt.dll
0x00007ffa487b0000 - 0x00007ffa487eb000 	C:\WINDOWS\SYSTEM32\NTASN1.dll
0x00007ffa34010000 - 0x00007ffa34017000 	C:\WINDOWS\system32\wshunix.dll

JVMTI agents: none

dbghelp: loaded successfully - version: 4.0.5 - missing functions: none
symbol engine: initialized successfully - sym options: 0x614 - pdb path: .;C:\Program Files\Java\jdk-26.0.1\bin;C:\WINDOWS\SYSTEM32;C:\WINDOWS\WinSxS\amd64_microsoft.windows.common-controls_6595b64144ccf1df_6.0.19041.7663_none_60b9ed0b71f50c93;C:\Program Files\Java\jdk-26.0.1\bin\server;C:\Users\Nadeem\.gradle\native\660c5614fbf4a5f2a75b1949f50a0caf5cd603558e7d8a26e50b933a0cfb79d1\windows-amd64;C:\Users\Nadeem\.gradle\native\jansi\2.4.2\Windows\x86_64

VM Arguments:
jvm_args: -Xmx64m -Xms64m -Dorg.gradle.appname=gradlew 
java_command: C:\Users\Nadeem\Desktop\vaccine_manager_app\\gradle\wrapper\gradle-wrapper.jar :app:compileDebugKotlin --no-daemon
java_class_path (initial): C:\Users\Nadeem\Desktop\vaccine_manager_app\\gradle\wrapper\gradle-wrapper.jar
Launcher Type: SUN_STANDARD

[Global flags]
     bool AOTAdapterCaching                        = false                                  {diagnostic} {ergonomic}
     bool AOTInvokeDynamicLinking                  = false                                  {diagnostic} {ergonomic}
     bool AOTRecordTraining                        = false                                  {diagnostic} {ergonomic}
     bool AOTReplayTraining                        = false                                  {diagnostic} {ergonomic}
     bool AOTStubCaching                           = false                                  {diagnostic} {ergonomic}
     intx CICompilerCount                          = 3                                         {product} {ergonomic}
     uint ConcGCThreads                            = 1                                         {product} {ergonomic}
     uint G1ConcRefinementThreads                  = 4                                         {product} {ergonomic}
     uint G1EagerReclaimRemSetThreshold            = 10                                   {experimental} {ergonomic}
   size_t G1HeapRegionSize                         = 1048576                                   {product} {ergonomic}
     uint G1RemSetArrayOfCardsEntries              = 10                                   {experimental} {ergonomic}
     uint G1RemSetHowlMaxNumBuckets                = 8                                    {experimental} {ergonomic}
     uint G1RemSetHowlNumBuckets                   = 4                                    {experimental} {ergonomic}
   size_t InitialHeapSize                          = 67108864                                  {product} {command line}
     bool IntelJccErratumMitigation                = false                             {ARCH diagnostic} {ergonomic}
   size_t MarkStackSize                            = 4194304                                   {product} {ergonomic}
   size_t MarkStackSizeMax                         = 536870912                                 {product} {ergonomic}
   size_t MaxHeapSize                              = 67108864                                  {product} {command line}
   size_t MaxNewSize                               = 39845888                                  {product} {ergonomic}
 uint64_t MaxRAM                                   = 8489078784                                {product} {ergonomic}
   size_t MinHeapDeltaBytes                        = 1048576                                   {product} {ergonomic}
   size_t MinHeapSize                              = 67108864                                  {product} {command line}
   size_t NonNMethodCodeHeapSize                   = 5898240                                {pd product} {ergonomic}
   size_t NonProfiledCodeHeapSize                  = 122945536                              {pd product} {ergonomic}
   size_t ProfiledCodeHeapSize                     = 122945536                              {pd product} {ergonomic}
   size_t ReservedCodeCacheSize                    = 251789312                              {pd product} {ergonomic}
     bool SegmentedCodeCache                       = true                                      {product} {ergonomic}
   size_t SoftMaxHeapSize                          = 67108864                               {manageable} {ergonomic}
     bool UseCompressedOops                        = true                           {product lp64_product} {ergonomic}
     bool UseCondCardMark                          = true                                      {product} {ergonomic}
     bool UseFastUnorderedTimeStamps               = true                                 {experimental} {ergonomic}
     bool UseG1GC                                  = true                                      {product} {ergonomic}
     bool UseLargePagesIndividualAllocation        = false                                  {pd product} {ergonomic}
      int X86ICacheSync                            = 1                                 {ARCH diagnostic} {ergonomic}

Logging:
Log output configuration:
 #0: stdout all=warning uptime,level,tags foldmultilines=false
 #1: stderr all=off uptime,level,tags foldmultilines=false

Release file:
IMPLEMENTOR="Oracle Corporation" 
JAVA_RUNTIME_VERSION="26.0.1+8-34" 
JAVA_VERSION="26.0.1" 
JAVA_VERSION_DATE="2026-04-21" 
LIBC="default" 
MODULES="java.base java.compiler java.datatransfer java.xml java.prefs java.desktop java.instrument java.logging java.management java.security.sasl java.naming java.rmi java.management.rmi java.net.http java.scripting java.security.jgss java.transaction.xa java.sql java.sql.rowset java.xml.crypto java.se java.smartcardio jdk.accessibility jdk.internal.jvmstat jdk.attach jdk.charsets jdk.internal.opt jdk.zipfs jdk.compiler jdk.crypto.cryptoki jdk.crypto.ec jdk.crypto.mscapi jdk.dynalink jdk.internal.ed jdk.editpad jdk.internal.vm.ci jdk.graal.compiler jdk.graal.compiler.management jdk.hotspot.agent jdk.httpserver jdk.incubator.vector jdk.internal.le jdk.internal.md jdk.jartool jdk.javadoc jdk.jcmd jdk.management jdk.management.agent jdk.jconsole jdk.jdeps jdk.jdwp.agent jdk.jdi jdk.jfr jdk.jlink jdk.jpackage jdk.jshell jdk.jstatd jdk.localedata jdk.management.jfr jdk.naming.dns jdk.naming.rmi jdk.net jdk.nio.mapmode jdk.sctp jdk.security.auth jdk.security.jgss jdk.unsupported jdk.unsupported.desktop jdk.xml.dom" 
OS_ARCH="x86_64" 
OS_NAME="Windows" 
SOURCE=".:git:8fcde8268d22 open:git:fcc00fc4aee7" 

Environment Variables:
PATH=C:\Users\Nadeem\AppData\Local\Programs\Python\Python313\Scripts\;C:\Users\Nadeem\AppData\Local\Programs\Python\Python313\;C:\Program Files\Common Files\Oracle\Java\javapath;C:\WINDOWS\system32;C:\WINDOWS;C:\WINDOWS\System32\Wbem;C:\WINDOWS\System32\WindowsPowerShell\v1.0\;C:\WINDOWS\System32\OpenSSH\;C:\Program Files\Java\jdk-24\bin;C:\Program Files (x86)\NVIDIA Corporation\PhysX\Common;C:\Program Files\nodejs\;C:\ProgramData\chocolatey\bin;C:\Program Files\dotnet\;C:\Program Files\Java\jdk-26.0.1\bin;C:\Program Files\Java\jdk-24\bin;C:\Program Files\Git\cmd;C:\Users\Nadeem\AppData\Local\Microsoft\WindowsApps;C:\Users\Nadeem\AppData\Local\Programs\Microsoft VS Code\bin;C:\Users\Nadeem\AppData\Roaming\npm;
USERNAME=Nadeem
OS=Windows_NT
PROCESSOR_IDENTIFIER=Intel64 Family 6 Model 69 Stepping 1, GenuineIntel
TMP=C:\Users\Nadeem\AppData\Local\Temp
TEMP=C:\Users\Nadeem\AppData\Local\Temp




Compilation memory statistics disabled.

Periodic native trim disabled

---------------  S Y S T E M  ---------------

OS:
 Windows 10 , 64 bit Build 19041 (10.0.19041.7725)
OS uptime: 7 days 8:03 hours

CPU: total 4 (initial active 4) (2 cores per cpu, 2 threads per core) family 6 model 69 stepping 1 microcode 0x25, cx8, cmov, fxsr, ht, mmx, sse, sse2, sse3, ssse3, sse4.1, sse4.2, popcnt, lzcnt, tsc, tscinvbit, avx, avx2, aes, erms, clmul, bmi1, bmi2, fma, vzeroupper, clflush, rdtscp, f16c
Processor Information for the first 4 processors :
  Max Mhz: 1701, Current Mhz: 1701, Mhz Limit: 1701

Memory: 4k page, system-wide physical 8095M (931M free)
TotalPageFile size 24443M (AvailPageFile size 2216M)
current process WorkingSet (physical memory assigned to process): 68M, peak: 115M
current process commit charge ("private bytes"): 168M, peak: 177M

vm_info: Java HotSpot(TM) 64-Bit Server VM (26.0.1+8-34) for windows-amd64 JRE (26.0.1+8-34), built on 2026-03-10T17:24:10Z with MS VC++ 17.13 (VS2022)

END.
